Program started at 2026-07-01__21-10-56
============================================================
    COMPASS SEARCH - MINIMIZING THE COST OF BUILDING TOWERS
============================================================
COUNTRY: Netherlands
GRID DENSITY: 2000
---------------
STARTING POINT (10000, 40000)

--- [Iteration 1/40] ---
Checking north...
Checking northeast...
Checking east...
Checking southeast...
Checking south...
Checking southwest...
Checking west...
Checking northwest...
Found a next Minimum! {'costs': 15.114182057613172, 'size_small': 12000, 'size_large': 42000, 'positions_small': {Tower(lat=None, lon=None, x=280000, y=5892000, radius=12000), Tower(lat=None, lon=None, x=184000, y=5784000, radius=12000), Tower(lat=None, lon=None, x=216000, y=5866000, radius=12000), Tower(lat=None, lon=None, x=350000, y=5798000, radius=12000)}, 'positions_large': {Tower(lat=None, lon=None, x=276000, y=5674000, radius=42000), Tower(lat=None, lon=None, x=234000, y=5750000, radius=42000), Tower(lat=None, lon=None, x=222000, y=5816000, radius=42000), Tower(lat=None, lon=None, x=292000, y=5788000, radius=42000), Tower(lat=None, lon=None, x=326000, y=5866000, radius=42000), Tower(lat=None, lon=None, x=160000, y=5734000, radius=42000)}}

--- [Iteration 2/40] ---
Checking north...
Checking northeast...
Checking east...
Checking southeast...
Checking south...
Checking southwest...
Checking west...
Checking northwest...
Found a next Minimum! {'costs': 14.248063774250445, 'size_small': 14000, 'size_large': 42000, 'positions_small': {Tower(lat=None, lon=None, x=222000, y=5870000, radius=14000), Tower(lat=None, lon=None, x=136000, y=5712000, radius=14000), Tower(lat=None, lon=None, x=274000, y=5894000, radius=14000)}, 'positions_large': {Tower(lat=None, lon=None, x=274000, y=5674000, radius=42000), Tower(lat=None, lon=None, x=182000, y=5756000, radius=42000), Tower(lat=None, lon=None, x=328000, y=5868000, radius=42000), Tower(lat=None, lon=None, x=260000, y=5746000, radius=42000), Tower(lat=None, lon=None, x=240000, y=5814000, radius=42000), Tower(lat=None, lon=None, x=320000, y=5800000, radius=42000)}}

--- [Iteration 3/40] ---
Checking north...
Checking northeast...
Checking east...
Checking southeast...
Checking south...
Checking southwest...
Checking west...
Checking northwest...
No better direction found! Next step size is 1000

--- [Iteration 4/40] ---
Checking north...
Checking northeast...
Checking east...
Checking southeast...
Checking south...
Checking southwest...
Checking west...
Checking northwest...
No better direction found! Next step size is 500

--- [Iteration 5/40] ---
Checking north...
Checking northeast...
Checking east...
Checking southeast...
Checking south...
Checking southwest...
Checking west...
Checking northwest...
Found a next Minimum! {'costs': 14.091906366843045, 'size_small': 13500, 'size_large': 41500, 'positions_small': {Tower(lat=None, lon=None, x=134000, y=5710000, radius=13500), Tower(lat=None, lon=None, x=218000, y=5870000, radius=13500), Tower(lat=None, lon=None, x=274000, y=5894000, radius=13500)}, 'positions_large': {Tower(lat=None, lon=None, x=238000, y=5814000, radius=41500), Tower(lat=None, lon=None, x=278000, y=5674000, radius=41500), Tower(lat=None, lon=None, x=334000, y=5872000, radius=41500), Tower(lat=None, lon=None, x=318000, y=5798000, radius=41500), Tower(lat=None, lon=None, x=260000, y=5744000, radius=41500), Tower(lat=None, lon=None, x=182000, y=5756000, radius=41500)}}

--- [Iteration 6/40] ---
Checking north...
Checking northeast...
Checking east...
Checking southeast...
Checking south...
Checking southwest...
Checking west...
Checking northwest...
No better direction found! Next step size is 250

--- [Iteration 7/40] ---
Checking north...
Checking northeast...
Checking east...
Checking southeast...
Checking south...
Checking southwest...
Checking west...
Checking northwest...
Found a next Minimum! {'costs': 14.087332197971792, 'size_small': 13250, 'size_large': 41500, 'positions_small': {Tower(lat=None, lon=None, x=136000, y=5712000, radius=13250), Tower(lat=None, lon=None, x=284000, y=5890000, radius=13250), Tower(lat=None, lon=None, x=224000, y=5868000, radius=13250)}, 'positions_large': {Tower(lat=None, lon=None, x=238000, y=5814000, radius=41500), Tower(lat=None, lon=None, x=260000, y=5746000, radius=41500), Tower(lat=None, lon=None, x=282000, y=5678000, radius=41500), Tower(lat=None, lon=None, x=318000, y=5800000, radius=41500), Tower(lat=None, lon=None, x=336000, y=5866000, radius=41500), Tower(lat=None, lon=None, x=182000, y=5756000, radius=41500)}}

--- [Iteration 8/40] ---
Checking north...
Checking northeast...
Checking east...
Checking southeast...
Checking south...
Checking southwest...
Checking west...
Checking northwest...
No better direction found! Next step size is 125

--- [Iteration 9/40] ---
Checking north...
Checking northeast...
Checking east...
Checking southeast...
Checking south...
Checking southwest...
Checking west...
Checking northwest...
Found a next Minimum! {'costs': 14.049099434248236, 'size_small': 13125, 'size_large': 41375, 'positions_small': {Tower(lat=None, lon=None, x=208000, y=5866000, radius=13125), Tower(lat=None, lon=None, x=286000, y=5888000, radius=13125), Tower(lat=None, lon=None, x=136000, y=5712000, radius=13125)}, 'positions_large': {Tower(lat=None, lon=None, x=238000, y=5814000, radius=41375), Tower(lat=None, lon=None, x=318000, y=5800000, radius=41375), Tower(lat=None, lon=None, x=182000, y=5756000, radius=41375), Tower(lat=None, lon=None, x=260000, y=5744000, radius=41375), Tower(lat=None, lon=None, x=332000, y=5874000, radius=41375), Tower(lat=None, lon=None, x=276000, y=5676000, radius=41375)}}

--- [Iteration 10/40] ---
Checking north...
Checking northeast...
Checking east...
Checking southeast...
Checking south...
Checking southwest...
Checking west...
Checking northwest...
No better direction found! Next step size is 62

--- [Iteration 11/40] ---
Checking north...
Checking northeast...
Checking east...
Checking southeast...
Checking south...
Checking southwest...
Checking west...
Checking northwest...
Found a next Minimum! {'costs': 14.031257452749445, 'size_small': 13125, 'size_large': 41313, 'positions_small': {Tower(lat=None, lon=None, x=210000, y=5868000, radius=13125), Tower(lat=None, lon=None, x=284000, y=5890000, radius=13125), Tower(lat=None, lon=None, x=136000, y=5712000, radius=13125)}, 'positions_large': {Tower(lat=None, lon=None, x=182000, y=5756000, radius=41313), Tower(lat=None, lon=None, x=238000, y=5814000, radius=41313), Tower(lat=None, lon=None, x=260000, y=5746000, radius=41313), Tower(lat=None, lon=None, x=330000, y=5866000, radius=41313), Tower(lat=None, lon=None, x=320000, y=5800000, radius=41313), Tower(lat=None, lon=None, x=280000, y=5676000, radius=41313)}}

--- [Iteration 12/40] ---
Checking north...
Checking northeast...
Checking east...
Checking southeast...
Checking south...
Checking southwest...
Checking west...
Checking northwest...
No better direction found! Next step size is 31

--- [Iteration 13/40] ---
Checking north...
Checking northeast...
Checking east...
Checking southeast...
Checking south...
Checking southwest...
Checking west...
Checking northwest...
No better direction found! Next step size is 16

--- [Iteration 14/40] ---
Checking north...
Checking northeast...
Checking east...
Checking southeast...
Checking south...
Checking southwest...
Checking west...
Checking northwest...
Found a next Minimum! {'costs': 14.026390041876429, 'size_small': 13109, 'size_large': 41297, 'positions_small': {Tower(lat=None, lon=None, x=136000, y=5712000, radius=13109), Tower(lat=None, lon=None, x=216000, y=5864000, radius=13109), Tower(lat=None, lon=None, x=278000, y=5890000, radius=13109)}, 'positions_large': {Tower(lat=None, lon=None, x=280000, y=5678000, radius=41297), Tower(lat=None, lon=None, x=238000, y=5814000, radius=41297), Tower(lat=None, lon=None, x=260000, y=5746000, radius=41297), Tower(lat=None, lon=None, x=318000, y=5800000, radius=41297), Tower(lat=None, lon=None, x=336000, y=5868000, radius=41297), Tower(lat=None, lon=None, x=182000, y=5756000, radius=41297)}}

--- [Iteration 15/40] ---
Checking north...
Checking northeast...
Checking east...
Checking southeast...
Checking south...
Checking southwest...
Checking west...
Checking northwest...
No better direction found! Next step size is 8

--- [Iteration 16/40] ---
Checking north...
Checking northeast...
Checking east...
Checking southeast...
Checking south...
Checking southwest...
Checking west...
Checking northwest...
Found a next Minimum! {'costs': 14.02409163731642, 'size_small': 13109, 'size_large': 41289, 'positions_small': {Tower(lat=None, lon=None, x=136000, y=5712000, radius=13109), Tower(lat=None, lon=None, x=214000, y=5868000, radius=13109), Tower(lat=None, lon=None, x=284000, y=5888000, radius=13109)}, 'positions_large': {Tower(lat=None, lon=None, x=320000, y=5800000, radius=41289), Tower(lat=None, lon=None, x=238000, y=5814000, radius=41289), Tower(lat=None, lon=None, x=280000, y=5676000, radius=41289), Tower(lat=None, lon=None, x=182000, y=5756000, radius=41289), Tower(lat=None, lon=None, x=260000, y=5746000, radius=41289), Tower(lat=None, lon=None, x=326000, y=5866000, radius=41289)}}

--- [Iteration 17/40] ---
Checking north...
Checking northeast...
Checking east...
Checking southeast...
Checking south...
Checking southwest...
Checking west...
Checking northwest...
No better direction found! Next step size is 4

--- [Iteration 18/40] ---
Checking north...
Checking northeast...
Checking east...
Checking southeast...
Checking south...
Checking southwest...
Checking west...
Checking northwest...
No better direction found! Next step size is 2

--- [Iteration 19/40] ---
Checking north...
Checking northeast...
Checking east...
Checking southeast...
Checking south...
Checking southwest...
Checking west...
Checking northwest...
Found a next Minimum! {'costs': 14.024058136210192, 'size_small': 13107, 'size_large': 41289, 'positions_small': {Tower(lat=None, lon=None, x=214000, y=5864000, radius=13107), Tower(lat=None, lon=None, x=278000, y=5890000, radius=13107), Tower(lat=None, lon=None, x=136000, y=5712000, radius=13107)}, 'positions_large': {Tower(lat=None, lon=None, x=238000, y=5814000, radius=41289), Tower(lat=None, lon=None, x=280000, y=5678000, radius=41289), Tower(lat=None, lon=None, x=318000, y=5798000, radius=41289), Tower(lat=None, lon=None, x=182000, y=5756000, radius=41289), Tower(lat=None, lon=None, x=260000, y=5746000, radius=41289), Tower(lat=None, lon=None, x=326000, y=5866000, radius=41289)}}

--- [Iteration 20/40] ---
Checking north...
Checking northeast...
Checking east...
Checking southeast...
Checking south...
Checking southwest...
Checking west...
Checking northwest...
No better direction found! Next step size is 1
---------------
LOCAL MINIMUM FOUND AT (13107, 41289) WITH COSTS 14.02 GE

---------------
STARTING POINT (10000, 60000)

--- [Iteration 1/40] ---
Checking north...
Checking northeast...
Checking east...
Checking southeast...
Checking south...
Checking southwest...
Checking west...
Checking northwest...
Found a next Minimum! {'costs': 15.692088888888893, 'size_small': 8000, 'size_large': 58000, 'positions_small': set(), 'positions_large': {Tower(lat=None, lon=None, x=282000, y=5690000, radius=58000), Tower(lat=None, lon=None, x=304000, y=5784000, radius=58000), Tower(lat=None, lon=None, x=310000, y=5854000, radius=58000), Tower(lat=None, lon=None, x=226000, y=5824000, radius=58000), Tower(lat=None, lon=None, x=176000, y=5738000, radius=58000)}}

--- [Iteration 2/40] ---
Checking north...
Checking northeast...
Checking east...
Checking southeast...
Checking south...
Checking southwest...
Checking west...
Checking northwest...
Found a next Minimum! {'costs': 15.537341328630223, 'size_small': 10000, 'size_large': 56000, 'positions_small': {Tower(lat=None, lon=None, x=254000, y=5752000, radius=10000)}, 'positions_large': {Tower(lat=None, lon=None, x=174000, y=5732000, radius=56000), Tower(lat=None, lon=None, x=268000, y=5686000, radius=56000), Tower(lat=None, lon=None, x=310000, y=5864000, radius=56000), Tower(lat=None, lon=None, x=224000, y=5822000, radius=56000), Tower(lat=None, lon=None, x=308000, y=5776000, radius=56000)}}

--- [Iteration 3/40] ---
Checking north...
Checking northeast...
Checking east...
Checking southeast...
Checking south...
Checking southwest...
Checking west...
Checking northwest...
Found a next Minimum! {'costs': 14.57411179306291, 'size_small': 12000, 'size_large': 54000, 'positions_small': {Tower(lat=None, lon=None, x=348000, y=5796000, radius=12000)}, 'positions_large': {Tower(lat=None, lon=None, x=208000, y=5824000, radius=54000), Tower(lat=None, lon=None, x=272000, y=5658000, radius=54000), Tower(lat=None, lon=None, x=314000, y=5858000, radius=54000), Tower(lat=None, lon=None, x=176000, y=5726000, radius=54000), Tower(lat=None, lon=None, x=276000, y=5758000, radius=54000)}}

--- [Iteration 4/40] ---
Checking north...
Checking northeast...
Checking east...
Checking southeast...
Checking south...
Checking southwest...
Checking west...
Checking northwest...
Found a next Minimum! {'costs': 13.702714920634914, 'size_small': 14000, 'size_large': 52000, 'positions_small': {Tower(lat=None, lon=None, x=136000, y=5712000, radius=14000)}, 'positions_large': {Tower(lat=None, lon=None, x=232000, y=5828000, radius=52000), Tower(lat=None, lon=None, x=280000, y=5682000, radius=52000), Tower(lat=None, lon=None, x=312000, y=5778000, radius=52000), Tower(lat=None, lon=None, x=210000, y=5752000, radius=52000), Tower(lat=None, lon=None, x=312000, y=5868000, radius=52000)}}

--- [Iteration 5/40] ---
Checking north...
Checking northeast...
Checking east...
Checking southeast...
Checking south...
Checking southwest...
Checking west...
Checking northwest...
No better direction found! Next step size is 1000

--- [Iteration 6/40] ---
Checking north...
Checking northeast...
Checking east...
Checking southeast...
Checking south...
Checking southwest...
Checking west...
Checking northwest...
No better direction found! Next step size is 500

--- [Iteration 7/40] ---
Checking north...
Checking northeast...
Checking east...
Checking southeast...
Checking south...
Checking southwest...
Checking west...
Checking northwest...
Found a next Minimum! {'costs': 13.492490179306296, 'size_small': 13500, 'size_large': 51500, 'positions_small': {Tower(lat=None, lon=None, x=134000, y=5710000, radius=13500)}, 'positions_large': {Tower(lat=None, lon=None, x=270000, y=5682000, radius=51500), Tower(lat=None, lon=None, x=312000, y=5778000, radius=51500), Tower(lat=None, lon=None, x=210000, y=5752000, radius=51500), Tower(lat=None, lon=None, x=322000, y=5866000, radius=51500), Tower(lat=None, lon=None, x=238000, y=5830000, radius=51500)}}

--- [Iteration 8/40] ---
Checking north...
Checking northeast...
Checking east...
Checking southeast...
Checking south...
Checking southwest...
Checking west...
Checking northwest...
No better direction found! Next step size is 250

--- [Iteration 9/40] ---
Checking north...
Checking northeast...
Checking east...
Checking southeast...
Checking south...
Checking southwest...
Checking west...
Checking northwest...
Found a next Minimum! {'costs': 13.490965456349212, 'size_small': 13250, 'size_large': 51500, 'positions_small': {Tower(lat=None, lon=None, x=136000, y=5712000, radius=13250)}, 'positions_large': {Tower(lat=None, lon=None, x=210000, y=5752000, radius=51500), Tower(lat=None, lon=None, x=266000, y=5682000, radius=51500), Tower(lat=None, lon=None, x=314000, y=5776000, radius=51500), Tower(lat=None, lon=None, x=238000, y=5830000, radius=51500), Tower(lat=None, lon=None, x=314000, y=5860000, radius=51500)}}

--- [Iteration 10/40] ---
Checking north...
Checking northeast...
Checking east...
Checking southeast...
Checking south...
Checking southwest...
Checking west...
Checking northwest...
No better direction found! Next step size is 125

--- [Iteration 11/40] ---
Checking north...
Checking northeast...
Checking east...
Checking southeast...
Checking south...
Checking southwest...
Checking west...
Checking northwest...
Found a next Minimum! {'costs': 13.490248556455766, 'size_small': 13125, 'size_large': 51500, 'positions_small': {Tower(lat=None, lon=None, x=136000, y=5712000, radius=13125)}, 'positions_large': {Tower(lat=None, lon=None, x=312000, y=5778000, radius=51500), Tower(lat=None, lon=None, x=210000, y=5752000, radius=51500), Tower(lat=None, lon=None, x=238000, y=5830000, radius=51500), Tower(lat=None, lon=None, x=272000, y=5682000, radius=51500), Tower(lat=None, lon=None, x=314000, y=5860000, radius=51500)}}

--- [Iteration 12/40] ---
Checking north...
Checking northeast...
Checking east...
Checking southeast...
Checking south...
Checking southwest...
Checking west...
Checking northwest...
No better direction found! Next step size is 62

--- [Iteration 13/40] ---
Checking north...
Checking northeast...
Checking east...
Checking southeast...
Checking south...
Checking southwest...
Checking west...
Checking northwest...
Found a next Minimum! {'costs': 13.464995960629249, 'size_small': 13125, 'size_large': 51438, 'positions_small': {Tower(lat=None, lon=None, x=136000, y=5712000, radius=13125)}, 'positions_large': {Tower(lat=None, lon=None, x=238000, y=5830000, radius=51438), Tower(lat=None, lon=None, x=282000, y=5686000, radius=51438), Tower(lat=None, lon=None, x=210000, y=5752000, radius=51438), Tower(lat=None, lon=None, x=318000, y=5862000, radius=51438), Tower(lat=None, lon=None, x=314000, y=5776000, radius=51438)}}

--- [Iteration 14/40] ---
Checking north...
Checking northeast...
Checking east...
Checking southeast...
Checking south...
Checking southwest...
Checking west...
Checking northwest...
No better direction found! Next step size is 31

--- [Iteration 15/40] ---
Checking north...
Checking northeast...
Checking east...
Checking southeast...
Checking south...
Checking southwest...
Checking west...
Checking northwest...
Found a next Minimum! {'costs': 13.452402101240475, 'size_small': 13125, 'size_large': 51407, 'positions_small': {Tower(lat=None, lon=None, x=136000, y=5712000, radius=13125)}, 'positions_large': {Tower(lat=None, lon=None, x=210000, y=5752000, radius=51407), Tower(lat=None, lon=None, x=318000, y=5862000, radius=51407), Tower(lat=None, lon=None, x=238000, y=5830000, radius=51407), Tower(lat=None, lon=None, x=314000, y=5774000, radius=51407), Tower(lat=None, lon=None, x=282000, y=5682000, radius=51407)}}

--- [Iteration 16/40] ---
Checking north...
Checking northeast...
Checking east...
Checking southeast...
Checking south...
Checking southwest...
Checking west...
Checking northwest...
No better direction found! Next step size is 16

--- [Iteration 17/40] ---
Checking north...
Checking northeast...
Checking east...
Checking southeast...
Checking south...
Checking southwest...
Checking west...
Checking northwest...
Found a next Minimum! {'costs': 13.452312491637391, 'size_small': 13109, 'size_large': 51407, 'positions_small': {Tower(lat=None, lon=None, x=136000, y=5712000, radius=13109)}, 'positions_large': {Tower(lat=None, lon=None, x=278000, y=5680000, radius=51407), Tower(lat=None, lon=None, x=210000, y=5752000, radius=51407), Tower(lat=None, lon=None, x=238000, y=5830000, radius=51407), Tower(lat=None, lon=None, x=314000, y=5860000, radius=51407), Tower(lat=None, lon=None, x=312000, y=5778000, radius=51407)}}

--- [Iteration 18/40] ---
Checking north...
Checking northeast...
Checking east...
Checking southeast...
Checking south...
Checking southwest...
Checking west...
Checking northwest...
No better direction found! Next step size is 8

--- [Iteration 19/40] ---
Checking north...
Checking northeast...
Checking east...
Checking southeast...
Checking south...
Checking southwest...
Checking west...
Checking northwest...
Found a next Minimum! {'costs': 13.449065976359003, 'size_small': 13109, 'size_large': 51399, 'positions_small': {Tower(lat=None, lon=None, x=136000, y=5712000, radius=13109)}, 'positions_large': {Tower(lat=None, lon=None, x=238000, y=5830000, radius=51399), Tower(lat=None, lon=None, x=314000, y=5860000, radius=51399), Tower(lat=None, lon=None, x=312000, y=5778000, radius=51399), Tower(lat=None, lon=None, x=280000, y=5680000, radius=51399), Tower(lat=None, lon=None, x=210000, y=5752000, radius=51399)}}

--- [Iteration 20/40] ---
Checking north...
Checking northeast...
Checking east...
Checking southeast...
Checking south...
Checking southwest...
Checking west...
Checking northwest...
No better direction found! Next step size is 4

--- [Iteration 21/40] ---
Checking north...
Checking northeast...
Checking east...
Checking southeast...
Checking south...
Checking southwest...
Checking west...
Checking northwest...
No better direction found! Next step size is 2

--- [Iteration 22/40] ---
Checking north...
Checking northeast...
Checking east...
Checking southeast...
Checking south...
Checking southwest...
Checking west...
Checking northwest...
Found a next Minimum! {'costs': 13.449054809323593, 'size_small': 13107, 'size_large': 51399, 'positions_small': {Tower(lat=None, lon=None, x=136000, y=5712000, radius=13107)}, 'positions_large': {Tower(lat=None, lon=None, x=238000, y=5830000, radius=51399), Tower(lat=None, lon=None, x=312000, y=5778000, radius=51399), Tower(lat=None, lon=None, x=278000, y=5680000, radius=51399), Tower(lat=None, lon=None, x=314000, y=5864000, radius=51399), Tower(lat=None, lon=None, x=210000, y=5752000, radius=51399)}}

--- [Iteration 23/40] ---
Checking north...
Checking northeast...
Checking east...
Checking southeast...
Checking south...
Checking southwest...
Checking west...
Checking northwest...
No better direction found! Next step size is 1
---------------
LOCAL MINIMUM FOUND AT (13107, 51399) WITH COSTS 13.45 GE

---------------
STARTING POINT (20000, 40000)

--- [Iteration 1/40] ---
Checking north...
Checking northeast...
Checking east...
Checking southeast...
Checking south...
Checking southwest...
Checking west...
Checking northwest...
Found a next Minimum! {'costs': 14.391124279835395, 'size_small': 18000, 'size_large': 42000, 'positions_small': {Tower(lat=None, lon=None, x=278000, y=5886000, radius=18000), Tower(lat=None, lon=None, x=138000, y=5716000, radius=18000), Tower(lat=None, lon=None, x=278000, y=5648000, radius=18000), Tower(lat=None, lon=None, x=230000, y=5868000, radius=18000), Tower(lat=None, lon=None, x=288000, y=5686000, radius=18000)}, 'positions_large': {Tower(lat=None, lon=None, x=186000, y=5756000, radius=42000), Tower(lat=None, lon=None, x=268000, y=5734000, radius=42000), Tower(lat=None, lon=None, x=336000, y=5868000, radius=42000), Tower(lat=None, lon=None, x=240000, y=5810000, radius=42000), Tower(lat=None, lon=None, x=318000, y=5796000, radius=42000)}}

--- [Iteration 2/40] ---
Checking north...
Checking northeast...
Checking east...
Checking southeast...
Checking south...
Checking southwest...
Checking west...
Checking northwest...
Found a next Minimum! {'costs': 14.305842680776019, 'size_small': 16000, 'size_large': 42000, 'positions_small': {Tower(lat=None, lon=None, x=286000, y=5884000, radius=16000), Tower(lat=None, lon=None, x=212000, y=5870000, radius=16000), Tower(lat=None, lon=None, x=132000, y=5710000, radius=16000)}, 'positions_large': {Tower(lat=None, lon=None, x=186000, y=5756000, radius=42000), Tower(lat=None, lon=None, x=280000, y=5678000, radius=42000), Tower(lat=None, lon=None, x=334000, y=5868000, radius=42000), Tower(lat=None, lon=None, x=260000, y=5746000, radius=42000), Tower(lat=None, lon=None, x=240000, y=5814000, radius=42000), Tower(lat=None, lon=None, x=318000, y=5800000, radius=42000)}}

--- [Iteration 3/40] ---
Checking north...
Checking northeast...
Checking east...
Checking southeast...
Checking south...
Checking southwest...
Checking west...
Checking northwest...
Found a next Minimum! {'costs': 14.248063774250445, 'size_small': 14000, 'size_large': 42000, 'positions_small': {Tower(lat=None, lon=None, x=222000, y=5870000, radius=14000), Tower(lat=None, lon=None, x=136000, y=5712000, radius=14000), Tower(lat=None, lon=None, x=274000, y=5894000, radius=14000)}, 'positions_large': {Tower(lat=None, lon=None, x=274000, y=5674000, radius=42000), Tower(lat=None, lon=None, x=182000, y=5756000, radius=42000), Tower(lat=None, lon=None, x=328000, y=5868000, radius=42000), Tower(lat=None, lon=None, x=260000, y=5746000, radius=42000), Tower(lat=None, lon=None, x=240000, y=5814000, radius=42000), Tower(lat=None, lon=None, x=320000, y=5800000, radius=42000)}}

--- [Iteration 4/40] ---
Checking north...
Checking northeast...
Checking east...
Checking southeast...
Checking south...
Checking southwest...
Checking west...
Checking northwest...
No better direction found! Next step size is 1000

--- [Iteration 5/40] ---
Checking north...
Checking northeast...
Checking east...
Checking southeast...
Checking south...
Checking southwest...
Checking west...
Checking northwest...
No better direction found! Next step size is 500

--- [Iteration 6/40] ---
Checking north...
Checking northeast...
Checking east...
Checking southeast...
Checking south...
Checking southwest...
Checking west...
Checking northwest...
Found a next Minimum! {'costs': 14.091906366843045, 'size_small': 13500, 'size_large': 41500, 'positions_small': {Tower(lat=None, lon=None, x=134000, y=5710000, radius=13500), Tower(lat=None, lon=None, x=218000, y=5870000, radius=13500), Tower(lat=None, lon=None, x=274000, y=5894000, radius=13500)}, 'positions_large': {Tower(lat=None, lon=None, x=238000, y=5814000, radius=41500), Tower(lat=None, lon=None, x=278000, y=5674000, radius=41500), Tower(lat=None, lon=None, x=334000, y=5872000, radius=41500), Tower(lat=None, lon=None, x=318000, y=5798000, radius=41500), Tower(lat=None, lon=None, x=260000, y=5744000, radius=41500), Tower(lat=None, lon=None, x=182000, y=5756000, radius=41500)}}

--- [Iteration 7/40] ---
Checking north...
Checking northeast...
Checking east...
Checking southeast...
Checking south...
Checking southwest...
Checking west...
Checking northwest...
No better direction found! Next step size is 250

--- [Iteration 8/40] ---
Checking north...
Checking northeast...
Checking east...
Checking southeast...
Checking south...
Checking southwest...
Checking west...
Checking northwest...
Found a next Minimum! {'costs': 14.087332197971792, 'size_small': 13250, 'size_large': 41500, 'positions_small': {Tower(lat=None, lon=None, x=136000, y=5712000, radius=13250), Tower(lat=None, lon=None, x=284000, y=5890000, radius=13250), Tower(lat=None, lon=None, x=224000, y=5868000, radius=13250)}, 'positions_large': {Tower(lat=None, lon=None, x=238000, y=5814000, radius=41500), Tower(lat=None, lon=None, x=260000, y=5746000, radius=41500), Tower(lat=None, lon=None, x=282000, y=5678000, radius=41500), Tower(lat=None, lon=None, x=318000, y=5800000, radius=41500), Tower(lat=None, lon=None, x=336000, y=5866000, radius=41500), Tower(lat=None, lon=None, x=182000, y=5756000, radius=41500)}}

--- [Iteration 9/40] ---
Checking north...
Checking northeast...
Checking east...
Checking southeast...
Checking south...
Checking southwest...
Checking west...
Checking northwest...
No better direction found! Next step size is 125

--- [Iteration 10/40] ---
Checking north...
Checking northeast...
Checking east...
Checking southeast...
Checking south...
Checking southwest...
Checking west...
Checking northwest...
Found a next Minimum! {'costs': 14.049099434248236, 'size_small': 13125, 'size_large': 41375, 'positions_small': {Tower(lat=None, lon=None, x=208000, y=5866000, radius=13125), Tower(lat=None, lon=None, x=286000, y=5888000, radius=13125), Tower(lat=None, lon=None, x=136000, y=5712000, radius=13125)}, 'positions_large': {Tower(lat=None, lon=None, x=238000, y=5814000, radius=41375), Tower(lat=None, lon=None, x=318000, y=5800000, radius=41375), Tower(lat=None, lon=None, x=182000, y=5756000, radius=41375), Tower(lat=None, lon=None, x=260000, y=5744000, radius=41375), Tower(lat=None, lon=None, x=332000, y=5874000, radius=41375), Tower(lat=None, lon=None, x=276000, y=5676000, radius=41375)}}

--- [Iteration 11/40] ---
Checking north...
Checking northeast...
Checking east...
Checking southeast...
Checking south...
Checking southwest...
Checking west...
Checking northwest...
No better direction found! Next step size is 62

--- [Iteration 12/40] ---
Checking north...
Checking northeast...
Checking east...
Checking southeast...
Checking south...
Checking southwest...
Checking west...
Checking northwest...
Found a next Minimum! {'costs': 14.031257452749445, 'size_small': 13125, 'size_large': 41313, 'positions_small': {Tower(lat=None, lon=None, x=210000, y=5868000, radius=13125), Tower(lat=None, lon=None, x=284000, y=5890000, radius=13125), Tower(lat=None, lon=None, x=136000, y=5712000, radius=13125)}, 'positions_large': {Tower(lat=None, lon=None, x=182000, y=5756000, radius=41313), Tower(lat=None, lon=None, x=238000, y=5814000, radius=41313), Tower(lat=None, lon=None, x=260000, y=5746000, radius=41313), Tower(lat=None, lon=None, x=330000, y=5866000, radius=41313), Tower(lat=None, lon=None, x=320000, y=5800000, radius=41313), Tower(lat=None, lon=None, x=280000, y=5676000, radius=41313)}}

--- [Iteration 13/40] ---
Checking north...
Checking northeast...
Checking east...
Checking southeast...
Checking south...
Checking southwest...
Checking west...
Checking northwest...
No better direction found! Next step size is 31

--- [Iteration 14/40] ---
Checking north...
Checking northeast...
Checking east...
Checking southeast...
Checking south...
Checking southwest...
Checking west...
Checking northwest...
No better direction found! Next step size is 16

--- [Iteration 15/40] ---
Checking north...
Checking northeast...
Checking east...
Checking southeast...
Checking south...
Checking southwest...
Checking west...
Checking northwest...
Found a next Minimum! {'costs': 14.026390041876429, 'size_small': 13109, 'size_large': 41297, 'positions_small': {Tower(lat=None, lon=None, x=136000, y=5712000, radius=13109), Tower(lat=None, lon=None, x=216000, y=5864000, radius=13109), Tower(lat=None, lon=None, x=278000, y=5890000, radius=13109)}, 'positions_large': {Tower(lat=None, lon=None, x=280000, y=5678000, radius=41297), Tower(lat=None, lon=None, x=238000, y=5814000, radius=41297), Tower(lat=None, lon=None, x=260000, y=5746000, radius=41297), Tower(lat=None, lon=None, x=318000, y=5800000, radius=41297), Tower(lat=None, lon=None, x=336000, y=5868000, radius=41297), Tower(lat=None, lon=None, x=182000, y=5756000, radius=41297)}}

--- [Iteration 16/40] ---
Checking north...
Checking northeast...
Checking east...
Checking southeast...
Checking south...
Checking southwest...
Checking west...
Checking northwest...
No better direction found! Next step size is 8

--- [Iteration 17/40] ---
Checking north...
Checking northeast...
Checking east...
Checking southeast...
Checking south...
Checking southwest...
Checking west...
Checking northwest...
Found a next Minimum! {'costs': 14.02409163731642, 'size_small': 13109, 'size_large': 41289, 'positions_small': {Tower(lat=None, lon=None, x=136000, y=5712000, radius=13109), Tower(lat=None, lon=None, x=214000, y=5868000, radius=13109), Tower(lat=None, lon=None, x=284000, y=5888000, radius=13109)}, 'positions_large': {Tower(lat=None, lon=None, x=320000, y=5800000, radius=41289), Tower(lat=None, lon=None, x=238000, y=5814000, radius=41289), Tower(lat=None, lon=None, x=280000, y=5676000, radius=41289), Tower(lat=None, lon=None, x=182000, y=5756000, radius=41289), Tower(lat=None, lon=None, x=260000, y=5746000, radius=41289), Tower(lat=None, lon=None, x=326000, y=5866000, radius=41289)}}

--- [Iteration 18/40] ---
Checking north...
Checking northeast...
Checking east...
Checking southeast...
Checking south...
Checking southwest...
Checking west...
Checking northwest...
No better direction found! Next step size is 4

--- [Iteration 19/40] ---
Checking north...
Checking northeast...
Checking east...
Checking southeast...
Checking south...
Checking southwest...
Checking west...
Checking northwest...
No better direction found! Next step size is 2

--- [Iteration 20/40] ---
Checking north...
Checking northeast...
Checking east...
Checking southeast...
Checking south...
Checking southwest...
Checking west...
Checking northwest...
Found a next Minimum! {'costs': 14.024058136210192, 'size_small': 13107, 'size_large': 41289, 'positions_small': {Tower(lat=None, lon=None, x=214000, y=5864000, radius=13107), Tower(lat=None, lon=None, x=278000, y=5890000, radius=13107), Tower(lat=None, lon=None, x=136000, y=5712000, radius=13107)}, 'positions_large': {Tower(lat=None, lon=None, x=238000, y=5814000, radius=41289), Tower(lat=None, lon=None, x=280000, y=5678000, radius=41289), Tower(lat=None, lon=None, x=318000, y=5798000, radius=41289), Tower(lat=None, lon=None, x=182000, y=5756000, radius=41289), Tower(lat=None, lon=None, x=260000, y=5746000, radius=41289), Tower(lat=None, lon=None, x=326000, y=5866000, radius=41289)}}

--- [Iteration 21/40] ---
Checking north...
Checking northeast...
Checking east...
Checking southeast...
Checking south...
Checking southwest...
Checking west...
Checking northwest...
No better direction found! Next step size is 1
---------------
LOCAL MINIMUM FOUND AT (13107, 41289) WITH COSTS 14.02 GE

---------------
STARTING POINT (20000, 60000)

--- [Iteration 1/40] ---
Checking north...
Checking northeast...
Checking east...
Checking southeast...
Checking south...
Checking southwest...
Checking west...
Checking northwest...
Found a next Minimum! {'costs': 14.66380491475603, 'size_small': 22000, 'size_large': 58000, 'positions_small': {Tower(lat=None, lon=None, x=280000, y=5656000, radius=22000), Tower(lat=None, lon=None, x=342000, y=5790000, radius=22000)}, 'positions_large': {Tower(lat=None, lon=None, x=176000, y=5732000, radius=58000), Tower(lat=None, lon=None, x=218000, y=5824000, radius=58000), Tower(lat=None, lon=None, x=288000, y=5738000, radius=58000), Tower(lat=None, lon=None, x=308000, y=5856000, radius=58000)}}

--- [Iteration 2/40] ---
Checking north...
Checking northeast...
Checking east...
Checking southeast...
Checking south...
Checking southwest...
Checking west...
Checking northwest...
No better direction found! Next step size is 1000

--- [Iteration 3/40] ---
Checking north...
Checking northeast...
Checking east...
Checking southeast...
Checking south...
Checking southwest...
Checking west...
Checking northwest...
No better direction found! Next step size is 500

--- [Iteration 4/40] ---
Checking north...
Checking northeast...
Checking east...
Checking southeast...
Checking south...
Checking southwest...
Checking west...
Checking northwest...
No better direction found! Next step size is 250

--- [Iteration 5/40] ---
Checking north...
Checking northeast...
Checking east...
Checking southeast...
Checking south...
Checking southwest...
Checking west...
Checking northwest...
No better direction found! Next step size is 125

--- [Iteration 6/40] ---
Checking north...
Checking northeast...
Checking east...
Checking southeast...
Checking south...
Checking southwest...
Checking west...
Checking northwest...
Found a next Minimum! {'costs': 14.601873750000001, 'size_small': 21875, 'size_large': 57875, 'positions_small': {Tower(lat=None, lon=None, x=348000, y=5808000, radius=21875), Tower(lat=None, lon=None, x=280000, y=5656000, radius=21875)}, 'positions_large': {Tower(lat=None, lon=None, x=312000, y=5854000, radius=57875), Tower(lat=None, lon=None, x=174000, y=5734000, radius=57875), Tower(lat=None, lon=None, x=288000, y=5738000, radius=57875), Tower(lat=None, lon=None, x=222000, y=5820000, radius=57875)}}

--- [Iteration 7/40] ---
Checking north...
Checking northeast...
Checking east...
Checking southeast...
Checking south...
Checking southwest...
Checking west...
Checking northwest...
No better direction found! Next step size is 62

--- [Iteration 8/40] ---
Checking north...
Checking northeast...
Checking east...
Checking southeast...
Checking south...
Checking southwest...
Checking west...
Checking northwest...
Found a next Minimum! {'costs': 14.598128352928876, 'size_small': 21813, 'size_large': 57875, 'positions_small': {Tower(lat=None, lon=None, x=280000, y=5656000, radius=21813), Tower(lat=None, lon=None, x=344000, y=5784000, radius=21813)}, 'positions_large': {Tower(lat=None, lon=None, x=218000, y=5824000, radius=57875), Tower(lat=None, lon=None, x=318000, y=5856000, radius=57875), Tower(lat=None, lon=None, x=288000, y=5738000, radius=57875), Tower(lat=None, lon=None, x=176000, y=5738000, radius=57875)}}

--- [Iteration 9/40] ---
Checking north...
Checking northeast...
Checking east...
Checking southeast...
Checking south...
Checking southwest...
Checking west...
Checking northwest...
No better direction found! Next step size is 31

--- [Iteration 10/40] ---
Checking north...
Checking northeast...
Checking east...
Checking southeast...
Checking south...
Checking southwest...
Checking west...
Checking northwest...
No better direction found! Next step size is 16

--- [Iteration 11/40] ---
Checking north...
Checking northeast...
Checking east...
Checking southeast...
Checking south...
Checking southwest...
Checking west...
Checking northwest...
No better direction found! Next step size is 8

--- [Iteration 12/40] ---
Checking north...
Checking northeast...
Checking east...
Checking southeast...
Checking south...
Checking southwest...
Checking west...
Checking northwest...
No better direction found! Next step size is 4

--- [Iteration 13/40] ---
Checking north...
Checking northeast...
Checking east...
Checking southeast...
Checking south...
Checking southwest...
Checking west...
Checking northwest...
No better direction found! Next step size is 2

--- [Iteration 14/40] ---
Checking north...
Checking northeast...
Checking east...
Checking southeast...
Checking south...
Checking southwest...
Checking west...
Checking northwest...
Found a next Minimum! {'costs': 14.59800791694305, 'size_small': 21811, 'size_large': 57875, 'positions_small': {Tower(lat=None, lon=None, x=340000, y=5792000, radius=21811), Tower(lat=None, lon=None, x=280000, y=5656000, radius=21811)}, 'positions_large': {Tower(lat=None, lon=None, x=174000, y=5720000, radius=57875), Tower(lat=None, lon=None, x=288000, y=5738000, radius=57875), Tower(lat=None, lon=None, x=218000, y=5820000, radius=57875), Tower(lat=None, lon=None, x=316000, y=5854000, radius=57875)}}

--- [Iteration 15/40] ---
Checking north...
Checking northeast...
Checking east...
Checking southeast...
Checking south...
Checking southwest...
Checking west...
Checking northwest...
No better direction found! Next step size is 1
---------------
LOCAL MINIMUM FOUND AT (21811, 57875) WITH COSTS 14.60 GE


============================================================
               FINAL SUMMARY
------------------------------------------------------------
We have found the following local minima:
📍 Tower Sizes: (13107, 41289), costs: 14.02 GE
📍 Tower Sizes: (13107, 51399), costs: 13.45 GE
📍 Tower Sizes: (21811, 57875), costs: 14.60 GE
------------------------------------------------------------
The Best Minimum found is:
 Tower Sizes:              S=13107m, L=51399m
 Nr of small towers:      1
 Nr of large towers:      5
 Costs:                   13.45 GE
============================================================
[Runtime] 2824.9985 Sekunden
Programm finished at 2026-07-01_21-58-01

