Program started at 2026-07-01__23-03-36
============================================================
    COMPASS SEARCH - MINIMIZING THE COST OF BUILDING TOWERS
============================================================
COUNTRY: Paraguay
GRID DENSITY: 2000
---------------
STARTING POINT (10000, 40000)

--- [Iteration 1/40] ---
Checking north...
Checking northeast...
Checking east...
Checking southeast...
Checking south...
Checking southwest...
Checking west...
Checking northwest...
No better direction found! Next step size is 1000

--- [Iteration 2/40] ---
Checking north...
Checking northeast...
Checking east...
Checking southeast...
Checking south...
Checking southwest...
Checking west...
Checking northwest...
Found a next Minimum! {'costs': 17.99178760728983, 'size_small': 9000, 'size_large': 40000, 'positions_small': {Tower(lat=None, lon=None, x=732000, y=7171000, radius=9000), Tower(lat=None, lon=None, x=548000, y=7467000, radius=9000), Tower(lat=None, lon=None, x=490000, y=7021000, radius=9000), Tower(lat=None, lon=None, x=482000, y=7055000, radius=9000), Tower(lat=None, lon=None, x=496000, y=7337000, radius=9000), Tower(lat=None, lon=None, x=604000, y=6973000, radius=9000), Tower(lat=None, lon=None, x=490000, y=7413000, radius=9000), Tower(lat=None, lon=None, x=446000, y=7411000, radius=9000), Tower(lat=None, lon=None, x=550000, y=7271000, radius=9000), Tower(lat=None, lon=None, x=548000, y=7151000, radius=9000), Tower(lat=None, lon=None, x=378000, y=7033000, radius=9000), Tower(lat=None, lon=None, x=602000, y=7113000, radius=9000), Tower(lat=None, lon=None, x=632000, y=7503000, radius=9000), Tower(lat=None, lon=None, x=622000, y=7291000, radius=9000)}, 'positions_large': {Tower(lat=None, lon=None, x=474000, y=7201000, radius=40000), Tower(lat=None, lon=None, x=748000, y=7321000, radius=40000), Tower(lat=None, lon=None, x=594000, y=7197000, radius=40000)}}

--- [Iteration 3/40] ---
Checking north...
Checking northeast...
Checking east...
Checking southeast...
Checking south...
Checking southwest...
Checking west...
Checking northwest...
No better direction found! Next step size is 500

--- [Iteration 4/40] ---
Checking north...
Checking northeast...
Checking east...
Checking southeast...
Checking south...
Checking southwest...
Checking west...
Checking northwest...
No better direction found! Next step size is 250

--- [Iteration 5/40] ---
Checking north...
Checking northeast...
Checking east...
Checking southeast...
Checking south...
Checking southwest...
Checking west...
Checking northwest...
Found a next Minimum! {'costs': 17.956837915196942, 'size_small': 9250, 'size_large': 39750, 'positions_small': {Tower(lat=None, lon=None, x=542000, y=7459000, radius=9250), Tower(lat=None, lon=None, x=550000, y=7271000, radius=9250), Tower(lat=None, lon=None, x=500000, y=7419000, radius=9250), Tower(lat=None, lon=None, x=734000, y=7177000, radius=9250), Tower(lat=None, lon=None, x=454000, y=7403000, radius=9250), Tower(lat=None, lon=None, x=362000, y=7029000, radius=9250), Tower(lat=None, lon=None, x=500000, y=7337000, radius=9250), Tower(lat=None, lon=None, x=612000, y=7119000, radius=9250), Tower(lat=None, lon=None, x=478000, y=7061000, radius=9250), Tower(lat=None, lon=None, x=624000, y=7505000, radius=9250), Tower(lat=None, lon=None, x=618000, y=6977000, radius=9250), Tower(lat=None, lon=None, x=554000, y=7159000, radius=9250), Tower(lat=None, lon=None, x=622000, y=7289000, radius=9250), Tower(lat=None, lon=None, x=496000, y=7035000, radius=9250)}, 'positions_large': {Tower(lat=None, lon=None, x=760000, y=7347000, radius=39750), Tower(lat=None, lon=None, x=474000, y=7203000, radius=39750), Tower(lat=None, lon=None, x=594000, y=7193000, radius=39750)}}

--- [Iteration 6/40] ---
Checking north...
Checking northeast...
Checking east...
Checking southeast...
Checking south...
Checking southwest...
Checking west...
Checking northwest...
No better direction found! Next step size is 125

--- [Iteration 7/40] ---
Checking north...
Checking northeast...
Checking east...
Checking southeast...
Checking south...
Checking southwest...
Checking west...
Checking northwest...
No better direction found! Next step size is 62

--- [Iteration 8/40] ---
Checking north...
Checking northeast...
Checking east...
Checking southeast...
Checking south...
Checking southwest...
Checking west...
Checking northwest...
Found a next Minimum! {'costs': 17.948299473498235, 'size_small': 9250, 'size_large': 39688, 'positions_small': {Tower(lat=None, lon=None, x=506000, y=7025000, radius=9250), Tower(lat=None, lon=None, x=362000, y=7029000, radius=9250), Tower(lat=None, lon=None, x=612000, y=7119000, radius=9250), Tower(lat=None, lon=None, x=478000, y=7061000, radius=9250), Tower(lat=None, lon=None, x=556000, y=7279000, radius=9250), Tower(lat=None, lon=None, x=626000, y=7295000, radius=9250), Tower(lat=None, lon=None, x=540000, y=7457000, radius=9250), Tower(lat=None, lon=None, x=618000, y=6975000, radius=9250), Tower(lat=None, lon=None, x=498000, y=7411000, radius=9250), Tower(lat=None, lon=None, x=452000, y=7413000, radius=9250), Tower(lat=None, lon=None, x=638000, y=7499000, radius=9250), Tower(lat=None, lon=None, x=742000, y=7167000, radius=9250), Tower(lat=None, lon=None, x=484000, y=7331000, radius=9250), Tower(lat=None, lon=None, x=554000, y=7155000, radius=9250)}, 'positions_large': {Tower(lat=None, lon=None, x=760000, y=7347000, radius=39688), Tower(lat=None, lon=None, x=474000, y=7203000, radius=39688), Tower(lat=None, lon=None, x=592000, y=7199000, radius=39688)}}

--- [Iteration 9/40] ---
Checking north...
Checking northeast...
Checking east...
Checking southeast...
Checking south...
Checking southwest...
Checking west...
Checking northwest...
No better direction found! Next step size is 31

--- [Iteration 10/40] ---
Checking north...
Checking northeast...
Checking east...
Checking southeast...
Checking south...
Checking southwest...
Checking west...
Checking northwest...
No better direction found! Next step size is 16

--- [Iteration 11/40] ---
Checking north...
Checking northeast...
Checking east...
Checking southeast...
Checking south...
Checking southwest...
Checking west...
Checking northwest...
Found a next Minimum! {'costs': 17.9460978223436, 'size_small': 9250, 'size_large': 39672, 'positions_small': {Tower(lat=None, lon=None, x=738000, y=7171000, radius=9250), Tower(lat=None, lon=None, x=478000, y=7055000, radius=9250), Tower(lat=None, lon=None, x=456000, y=7411000, radius=9250), Tower(lat=None, lon=None, x=362000, y=7031000, radius=9250), Tower(lat=None, lon=None, x=622000, y=7293000, radius=9250), Tower(lat=None, lon=None, x=484000, y=7335000, radius=9250), Tower(lat=None, lon=None, x=548000, y=7149000, radius=9250), Tower(lat=None, lon=None, x=494000, y=7425000, radius=9250), Tower(lat=None, lon=None, x=604000, y=7115000, radius=9250), Tower(lat=None, lon=None, x=488000, y=7027000, radius=9250), Tower(lat=None, lon=None, x=550000, y=7271000, radius=9250), Tower(lat=None, lon=None, x=610000, y=6969000, radius=9250), Tower(lat=None, lon=None, x=624000, y=7507000, radius=9250), Tower(lat=None, lon=None, x=540000, y=7459000, radius=9250)}, 'positions_large': {Tower(lat=None, lon=None, x=592000, y=7195000, radius=39672), Tower(lat=None, lon=None, x=760000, y=7347000, radius=39672), Tower(lat=None, lon=None, x=474000, y=7203000, radius=39672)}}

--- [Iteration 12/40] ---
Checking north...
Checking northeast...
Checking east...
Checking southeast...
Checking south...
Checking southwest...
Checking west...
Checking northwest...
No better direction found! Next step size is 8

--- [Iteration 13/40] ---
Checking north...
Checking northeast...
Checking east...
Checking southeast...
Checking south...
Checking southwest...
Checking west...
Checking northwest...
Found a next Minimum! {'costs': 17.946097496114497, 'size_small': 9242, 'size_large': 39672, 'positions_small': {Tower(lat=None, lon=None, x=362000, y=7027000, radius=9242), Tower(lat=None, lon=None, x=540000, y=7457000, radius=9242), Tower(lat=None, lon=None, x=560000, y=7269000, radius=9242), Tower(lat=None, lon=None, x=446000, y=7411000, radius=9242), Tower(lat=None, lon=None, x=486000, y=7335000, radius=9242), Tower(lat=None, lon=None, x=622000, y=7289000, radius=9242), Tower(lat=None, lon=None, x=744000, y=7171000, radius=9242), Tower(lat=None, lon=None, x=500000, y=7413000, radius=9242), Tower(lat=None, lon=None, x=502000, y=7033000, radius=9242), Tower(lat=None, lon=None, x=624000, y=7505000, radius=9242), Tower(lat=None, lon=None, x=556000, y=7143000, radius=9242), Tower(lat=None, lon=None, x=478000, y=7061000, radius=9242), Tower(lat=None, lon=None, x=604000, y=6975000, radius=9242), Tower(lat=None, lon=None, x=600000, y=7119000, radius=9242)}, 'positions_large': {Tower(lat=None, lon=None, x=594000, y=7195000, radius=39672), Tower(lat=None, lon=None, x=760000, y=7347000, radius=39672), Tower(lat=None, lon=None, x=474000, y=7203000, radius=39672)}}

--- [Iteration 14/40] ---
Checking north...
Checking northeast...
Checking east...
Checking southeast...
Checking south...
Checking southwest...
Checking west...
Checking northwest...
No better direction found! Next step size is 4

--- [Iteration 15/40] ---
Checking north...
Checking northeast...
Checking east...
Checking southeast...
Checking south...
Checking southwest...
Checking west...
Checking northwest...
Found a next Minimum! {'costs': 17.94554719867606, 'size_small': 9242, 'size_large': 39668, 'positions_small': {Tower(lat=None, lon=None, x=362000, y=7027000, radius=9242), Tower(lat=None, lon=None, x=492000, y=7051000, radius=9242), Tower(lat=None, lon=None, x=494000, y=7411000, radius=9242), Tower(lat=None, lon=None, x=606000, y=7119000, radius=9242), Tower(lat=None, lon=None, x=446000, y=7411000, radius=9242), Tower(lat=None, lon=None, x=550000, y=7271000, radius=9242), Tower(lat=None, lon=None, x=484000, y=7333000, radius=9242), Tower(lat=None, lon=None, x=630000, y=7289000, radius=9242), Tower(lat=None, lon=None, x=502000, y=7033000, radius=9242), Tower(lat=None, lon=None, x=634000, y=7507000, radius=9242), Tower(lat=None, lon=None, x=742000, y=7171000, radius=9242), Tower(lat=None, lon=None, x=544000, y=7459000, radius=9242), Tower(lat=None, lon=None, x=610000, y=6979000, radius=9242), Tower(lat=None, lon=None, x=548000, y=7149000, radius=9242)}, 'positions_large': {Tower(lat=None, lon=None, x=760000, y=7347000, radius=39668), Tower(lat=None, lon=None, x=474000, y=7203000, radius=39668), Tower(lat=None, lon=None, x=592000, y=7199000, radius=39668)}}

--- [Iteration 16/40] ---
Checking north...
Checking northeast...
Checking east...
Checking southeast...
Checking south...
Checking southwest...
Checking west...
Checking northwest...
No better direction found! Next step size is 2

--- [Iteration 17/40] ---
Checking north...
Checking northeast...
Checking east...
Checking southeast...
Checking south...
Checking southwest...
Checking west...
Checking northwest...
Found a next Minimum! {'costs': 17.94527206534729, 'size_small': 9244, 'size_large': 39666, 'positions_small': {Tower(lat=None, lon=None, x=556000, y=7143000, radius=9244), Tower(lat=None, lon=None, x=488000, y=7061000, radius=9244), Tower(lat=None, lon=None, x=614000, y=6985000, radius=9244), Tower(lat=None, lon=None, x=734000, y=7175000, radius=9244), Tower(lat=None, lon=None, x=624000, y=7503000, radius=9244), Tower(lat=None, lon=None, x=494000, y=7425000, radius=9244), Tower(lat=None, lon=None, x=540000, y=7461000, radius=9244), Tower(lat=None, lon=None, x=378000, y=7031000, radius=9244), Tower(lat=None, lon=None, x=448000, y=7409000, radius=9244), Tower(lat=None, lon=None, x=558000, y=7277000, radius=9244), Tower(lat=None, lon=None, x=622000, y=7289000, radius=9244), Tower(lat=None, lon=None, x=484000, y=7331000, radius=9244), Tower(lat=None, lon=None, x=608000, y=7113000, radius=9244), Tower(lat=None, lon=None, x=506000, y=7027000, radius=9244)}, 'positions_large': {Tower(lat=None, lon=None, x=594000, y=7197000, radius=39666), Tower(lat=None, lon=None, x=760000, y=7347000, radius=39666), Tower(lat=None, lon=None, x=474000, y=7203000, radius=39666)}}

--- [Iteration 18/40] ---
Checking north...
Checking northeast...
Checking east...
Checking southeast...
Checking south...
Checking southwest...
Checking west...
Checking northwest...
No better direction found! Next step size is 1
---------------
LOCAL MINIMUM FOUND AT (9244, 39666) WITH COSTS 17.95 GE

---------------
STARTING POINT (10000, 60000)

--- [Iteration 1/40] ---
Checking north...
Checking northeast...
Checking east...
Checking southeast...
Checking south...
Checking southwest...
Checking west...
Checking northwest...
No better direction found! Next step size is 1000

--- [Iteration 2/40] ---
Checking north...
Checking northeast...
Checking east...
Checking southeast...
Checking south...
Checking southwest...
Checking west...
Checking northwest...
Found a next Minimum! {'costs': 20.476504056437395, 'size_small': 9000, 'size_large': 59000, 'positions_small': {Tower(lat=None, lon=None, x=504000, y=7029000, radius=9000), Tower(lat=None, lon=None, x=488000, y=7047000, radius=9000), Tower(lat=None, lon=None, x=362000, y=7029000, radius=9000), Tower(lat=None, lon=None, x=488000, y=7415000, radius=9000), Tower(lat=None, lon=None, x=614000, y=6971000, radius=9000), Tower(lat=None, lon=None, x=550000, y=7269000, radius=9000), Tower(lat=None, lon=None, x=486000, y=7333000, radius=9000), Tower(lat=None, lon=None, x=448000, y=7417000, radius=9000), Tower(lat=None, lon=None, x=624000, y=7287000, radius=9000), Tower(lat=None, lon=None, x=550000, y=7455000, radius=9000), Tower(lat=None, lon=None, x=732000, y=7173000, radius=9000), Tower(lat=None, lon=None, x=630000, y=7509000, radius=9000)}, 'positions_large': {Tower(lat=None, lon=None, x=488000, y=7205000, radius=59000), Tower(lat=None, lon=None, x=600000, y=7171000, radius=59000), Tower(lat=None, lon=None, x=760000, y=7347000, radius=59000)}}

--- [Iteration 3/40] ---
Checking north...
Checking northeast...
Checking east...
Checking southeast...
Checking south...
Checking southwest...
Checking west...
Checking northwest...
No better direction found! Next step size is 500

--- [Iteration 4/40] ---
Checking north...
Checking northeast...
Checking east...
Checking southeast...
Checking south...
Checking southwest...
Checking west...
Checking northwest...
Found a next Minimum! {'costs': 20.30886810405644, 'size_small': 9000, 'size_large': 58500, 'positions_small': {Tower(lat=None, lon=None, x=616000, y=6971000, radius=9000), Tower(lat=None, lon=None, x=558000, y=7265000, radius=9000), Tower(lat=None, lon=None, x=624000, y=7503000, radius=9000), Tower(lat=None, lon=None, x=362000, y=7027000, radius=9000), Tower(lat=None, lon=None, x=498000, y=7035000, radius=9000), Tower(lat=None, lon=None, x=484000, y=7333000, radius=9000), Tower(lat=None, lon=None, x=744000, y=7171000, radius=9000), Tower(lat=None, lon=None, x=486000, y=7053000, radius=9000), Tower(lat=None, lon=None, x=494000, y=7415000, radius=9000), Tower(lat=None, lon=None, x=546000, y=7459000, radius=9000), Tower(lat=None, lon=None, x=462000, y=7417000, radius=9000), Tower(lat=None, lon=None, x=622000, y=7293000, radius=9000)}, 'positions_large': {Tower(lat=None, lon=None, x=610000, y=7171000, radius=58500), Tower(lat=None, lon=None, x=468000, y=7197000, radius=58500), Tower(lat=None, lon=None, x=760000, y=7347000, radius=58500)}}

--- [Iteration 5/40] ---
Checking north...
Checking northeast...
Checking east...
Checking southeast...
Checking south...
Checking southwest...
Checking west...
Checking northwest...
No better direction found! Next step size is 250

--- [Iteration 6/40] ---
Checking north...
Checking northeast...
Checking east...
Checking southeast...
Checking south...
Checking southwest...
Checking west...
Checking northwest...
Found a next Minimum! {'costs': 20.2257850606261, 'size_small': 9250, 'size_large': 58250, 'positions_small': {Tower(lat=None, lon=None, x=736000, y=7177000, radius=9250), Tower(lat=None, lon=None, x=632000, y=7501000, radius=9250), Tower(lat=None, lon=None, x=492000, y=7023000, radius=9250), Tower(lat=None, lon=None, x=606000, y=6979000, radius=9250), Tower(lat=None, lon=None, x=548000, y=7467000, radius=9250), Tower(lat=None, lon=None, x=378000, y=7033000, radius=9250), Tower(lat=None, lon=None, x=446000, y=7413000, radius=9250), Tower(lat=None, lon=None, x=490000, y=7419000, radius=9250), Tower(lat=None, lon=None, x=476000, y=7059000, radius=9250), Tower(lat=None, lon=None, x=484000, y=7333000, radius=9250), Tower(lat=None, lon=None, x=622000, y=7289000, radius=9250), Tower(lat=None, lon=None, x=550000, y=7269000, radius=9250)}, 'positions_large': {Tower(lat=None, lon=None, x=608000, y=7171000, radius=58250), Tower(lat=None, lon=None, x=760000, y=7301000, radius=58250), Tower(lat=None, lon=None, x=484000, y=7213000, radius=58250)}}

--- [Iteration 7/40] ---
Checking north...
Checking northeast...
Checking east...
Checking southeast...
Checking south...
Checking southwest...
Checking west...
Checking northwest...
No better direction found! Next step size is 125

--- [Iteration 8/40] ---
Checking north...
Checking northeast...
Checking east...
Checking southeast...
Checking south...
Checking southwest...
Checking west...
Checking northwest...
No better direction found! Next step size is 62

--- [Iteration 9/40] ---
Checking north...
Checking northeast...
Checking east...
Checking southeast...
Checking south...
Checking southwest...
Checking west...
Checking northwest...
No better direction found! Next step size is 31

--- [Iteration 10/40] ---
Checking north...
Checking northeast...
Checking east...
Checking southeast...
Checking south...
Checking southwest...
Checking west...
Checking northwest...
Found a next Minimum! {'costs': 20.215576006753402, 'size_small': 9250, 'size_large': 58219, 'positions_small': {Tower(lat=None, lon=None, x=464000, y=7411000, radius=9250), Tower(lat=None, lon=None, x=484000, y=7337000, radius=9250), Tower(lat=None, lon=None, x=624000, y=7505000, radius=9250), Tower(lat=None, lon=None, x=490000, y=7021000, radius=9250), Tower(lat=None, lon=None, x=632000, y=7283000, radius=9250), Tower(lat=None, lon=None, x=540000, y=7457000, radius=9250), Tower(lat=None, lon=None, x=604000, y=6973000, radius=9250), Tower(lat=None, lon=None, x=494000, y=7423000, radius=9250), Tower(lat=None, lon=None, x=736000, y=7173000, radius=9250), Tower(lat=None, lon=None, x=478000, y=7047000, radius=9250), Tower(lat=None, lon=None, x=550000, y=7269000, radius=9250), Tower(lat=None, lon=None, x=378000, y=7033000, radius=9250)}, 'positions_large': {Tower(lat=None, lon=None, x=720000, y=7345000, radius=58219), Tower(lat=None, lon=None, x=606000, y=7171000, radius=58219), Tower(lat=None, lon=None, x=480000, y=7185000, radius=58219)}}

--- [Iteration 11/40] ---
Checking north...
Checking northeast...
Checking east...
Checking southeast...
Checking south...
Checking southwest...
Checking west...
Checking northwest...
No better direction found! Next step size is 16

--- [Iteration 12/40] ---
Checking north...
Checking northeast...
Checking east...
Checking southeast...
Checking south...
Checking southwest...
Checking west...
Checking northwest...
Found a next Minimum! {'costs': 20.210311185915515, 'size_small': 9250, 'size_large': 58203, 'positions_small': {Tower(lat=None, lon=None, x=460000, y=7417000, radius=9250), Tower(lat=None, lon=None, x=540000, y=7465000, radius=9250), Tower(lat=None, lon=None, x=490000, y=7049000, radius=9250), Tower(lat=None, lon=None, x=628000, y=7287000, radius=9250), Tower(lat=None, lon=None, x=484000, y=7333000, radius=9250), Tower(lat=None, lon=None, x=502000, y=7423000, radius=9250), Tower(lat=None, lon=None, x=624000, y=7505000, radius=9250), Tower(lat=None, lon=None, x=742000, y=7181000, radius=9250), Tower(lat=None, lon=None, x=612000, y=6983000, radius=9250), Tower(lat=None, lon=None, x=554000, y=7267000, radius=9250), Tower(lat=None, lon=None, x=498000, y=7017000, radius=9250), Tower(lat=None, lon=None, x=374000, y=7035000, radius=9250)}, 'positions_large': {Tower(lat=None, lon=None, x=740000, y=7337000, radius=58203), Tower(lat=None, lon=None, x=460000, y=7215000, radius=58203), Tower(lat=None, lon=None, x=606000, y=7171000, radius=58203)}}

--- [Iteration 13/40] ---
Checking north...
Checking northeast...
Checking east...
Checking southeast...
Checking south...
Checking southwest...
Checking west...
Checking northwest...
No better direction found! Next step size is 8

--- [Iteration 14/40] ---
Checking north...
Checking northeast...
Checking east...
Checking southeast...
Checking south...
Checking southwest...
Checking west...
Checking northwest...
Found a next Minimum! {'costs': 20.210310906290573, 'size_small': 9242, 'size_large': 58203, 'positions_small': {Tower(lat=None, lon=None, x=566000, y=7275000, radius=9242), Tower(lat=None, lon=None, x=488000, y=7027000, radius=9242), Tower(lat=None, lon=None, x=544000, y=7465000, radius=9242), Tower(lat=None, lon=None, x=478000, y=7047000, radius=9242), Tower(lat=None, lon=None, x=622000, y=7289000, radius=9242), Tower(lat=None, lon=None, x=638000, y=7499000, radius=9242), Tower(lat=None, lon=None, x=484000, y=7331000, radius=9242), Tower(lat=None, lon=None, x=742000, y=7177000, radius=9242), Tower(lat=None, lon=None, x=374000, y=7033000, radius=9242), Tower(lat=None, lon=None, x=502000, y=7421000, radius=9242), Tower(lat=None, lon=None, x=614000, y=6985000, radius=9242), Tower(lat=None, lon=None, x=460000, y=7419000, radius=9242)}, 'positions_large': {Tower(lat=None, lon=None, x=740000, y=7337000, radius=58203), Tower(lat=None, lon=None, x=606000, y=7171000, radius=58203), Tower(lat=None, lon=None, x=482000, y=7187000, radius=58203)}}

--- [Iteration 15/40] ---
Checking north...
Checking northeast...
Checking east...
Checking southeast...
Checking south...
Checking southwest...
Checking west...
Checking northwest...
No better direction found! Next step size is 4

--- [Iteration 16/40] ---
Checking north...
Checking northeast...
Checking east...
Checking southeast...
Checking south...
Checking southwest...
Checking west...
Checking northwest...
Found a next Minimum! {'costs': 20.20899516597848, 'size_small': 9242, 'size_large': 58199, 'positions_small': {Tower(lat=None, lon=None, x=488000, y=7027000, radius=9242), Tower(lat=None, lon=None, x=740000, y=7179000, radius=9242), Tower(lat=None, lon=None, x=556000, y=7281000, radius=9242), Tower(lat=None, lon=None, x=492000, y=7411000, radius=9242), Tower(lat=None, lon=None, x=484000, y=7331000, radius=9242), Tower(lat=None, lon=None, x=624000, y=7287000, radius=9242), Tower(lat=None, lon=None, x=546000, y=7457000, radius=9242), Tower(lat=None, lon=None, x=634000, y=7507000, radius=9242), Tower(lat=None, lon=None, x=362000, y=7029000, radius=9242), Tower(lat=None, lon=None, x=448000, y=7407000, radius=9242), Tower(lat=None, lon=None, x=486000, y=7047000, radius=9242), Tower(lat=None, lon=None, x=608000, y=6979000, radius=9242)}, 'positions_large': {Tower(lat=None, lon=None, x=606000, y=7171000, radius=58199), Tower(lat=None, lon=None, x=734000, y=7345000, radius=58199), Tower(lat=None, lon=None, x=470000, y=7175000, radius=58199)}}

--- [Iteration 17/40] ---
Checking north...
Checking northeast...
Checking east...
Checking southeast...
Checking south...
Checking southwest...
Checking west...
Checking northwest...
No better direction found! Next step size is 2

--- [Iteration 18/40] ---
Checking north...
Checking northeast...
Checking east...
Checking southeast...
Checking south...
Checking southwest...
Checking west...
Checking northwest...
Found a next Minimum! {'costs': 20.20899516437982, 'size_small': 9244, 'size_large': 58199, 'positions_small': {Tower(lat=None, lon=None, x=634000, y=7507000, radius=9244), Tower(lat=None, lon=None, x=448000, y=7407000, radius=9244), Tower(lat=None, lon=None, x=362000, y=7029000, radius=9244), Tower(lat=None, lon=None, x=608000, y=6979000, radius=9244), Tower(lat=None, lon=None, x=488000, y=7027000, radius=9244), Tower(lat=None, lon=None, x=486000, y=7047000, radius=9244), Tower(lat=None, lon=None, x=740000, y=7179000, radius=9244), Tower(lat=None, lon=None, x=556000, y=7281000, radius=9244), Tower(lat=None, lon=None, x=484000, y=7331000, radius=9244), Tower(lat=None, lon=None, x=492000, y=7411000, radius=9244), Tower(lat=None, lon=None, x=624000, y=7287000, radius=9244), Tower(lat=None, lon=None, x=546000, y=7457000, radius=9244)}, 'positions_large': {Tower(lat=None, lon=None, x=606000, y=7171000, radius=58199), Tower(lat=None, lon=None, x=734000, y=7345000, radius=58199), Tower(lat=None, lon=None, x=470000, y=7175000, radius=58199)}}

--- [Iteration 19/40] ---
Checking north...
Checking northeast...
Checking east...
Checking southeast...
Checking south...
Checking southwest...
Checking west...
Checking northwest...
No better direction found! Next step size is 1
---------------
LOCAL MINIMUM FOUND AT (9244, 58199) WITH COSTS 20.21 GE

---------------
STARTING POINT (20000, 40000)

--- [Iteration 1/40] ---
Checking north...
Checking northeast...
Checking east...
Checking southeast...
Checking south...
Checking southwest...
Checking west...
Checking northwest...
Found a next Minimum! {'costs': 16.297560493827163, 'size_small': 18000, 'size_large': 42000, 'positions_small': {Tower(lat=None, lon=None, x=596000, y=6971000, radius=18000), Tower(lat=None, lon=None, x=724000, y=7177000, radius=18000), Tower(lat=None, lon=None, x=636000, y=7491000, radius=18000), Tower(lat=None, lon=None, x=756000, y=7333000, radius=18000), Tower(lat=None, lon=None, x=554000, y=7169000, radius=18000), Tower(lat=None, lon=None, x=478000, y=7415000, radius=18000), Tower(lat=None, lon=None, x=370000, y=7039000, radius=18000), Tower(lat=None, lon=None, x=490000, y=7039000, radius=18000), Tower(lat=None, lon=None, x=530000, y=7457000, radius=18000), Tower(lat=None, lon=None, x=438000, y=7407000, radius=18000), Tower(lat=None, lon=None, x=636000, y=7187000, radius=18000), Tower(lat=None, lon=None, x=500000, y=7345000, radius=18000), Tower(lat=None, lon=None, x=592000, y=7115000, radius=18000)}, 'positions_large': {Tower(lat=None, lon=None, x=472000, y=7209000, radius=42000), Tower(lat=None, lon=None, x=598000, y=7269000, radius=42000)}}

--- [Iteration 2/40] ---
Checking north...
Checking northeast...
Checking east...
Checking southeast...
Checking south...
Checking southwest...
Checking west...
Checking northwest...
Found a next Minimum! {'costs': 16.28236265726044, 'size_small': 16000, 'size_large': 44000, 'positions_small': {Tower(lat=None, lon=None, x=760000, y=7335000, radius=16000), Tower(lat=None, lon=None, x=598000, y=6971000, radius=16000), Tower(lat=None, lon=None, x=476000, y=7331000, radius=16000), Tower(lat=None, lon=None, x=492000, y=7041000, radius=16000), Tower(lat=None, lon=None, x=374000, y=7037000, radius=16000), Tower(lat=None, lon=None, x=440000, y=7407000, radius=16000), Tower(lat=None, lon=None, x=632000, y=7499000, radius=16000), Tower(lat=None, lon=None, x=532000, y=7457000, radius=16000), Tower(lat=None, lon=None, x=728000, y=7175000, radius=16000), Tower(lat=None, lon=None, x=504000, y=7425000, radius=16000), Tower(lat=None, lon=None, x=594000, y=7121000, radius=16000)}, 'positions_large': {Tower(lat=None, lon=None, x=592000, y=7175000, radius=44000), Tower(lat=None, lon=None, x=476000, y=7205000, radius=44000), Tower(lat=None, lon=None, x=600000, y=7263000, radius=44000)}}

--- [Iteration 3/40] ---
Checking north...
Checking northeast...
Checking east...
Checking southeast...
Checking south...
Checking southwest...
Checking west...
Checking northwest...
Found a next Minimum! {'costs': 15.966954779541444, 'size_small': 16000, 'size_large': 46000, 'positions_small': {Tower(lat=None, lon=None, x=758000, y=7333000, radius=16000), Tower(lat=None, lon=None, x=492000, y=7041000, radius=16000), Tower(lat=None, lon=None, x=608000, y=6975000, radius=16000), Tower(lat=None, lon=None, x=616000, y=7101000, radius=16000), Tower(lat=None, lon=None, x=356000, y=7023000, radius=16000), Tower(lat=None, lon=None, x=732000, y=7183000, radius=16000), Tower(lat=None, lon=None, x=532000, y=7457000, radius=16000), Tower(lat=None, lon=None, x=628000, y=7513000, radius=16000)}, 'positions_large': {Tower(lat=None, lon=None, x=598000, y=7273000, radius=46000), Tower(lat=None, lon=None, x=474000, y=7195000, radius=46000), Tower(lat=None, lon=None, x=596000, y=7163000, radius=46000), Tower(lat=None, lon=None, x=480000, y=7377000, radius=46000)}}

--- [Iteration 4/40] ---
Checking north...
Checking northeast...
Checking east...
Checking southeast...
Checking south...
Checking southwest...
Checking west...
Checking northwest...
No better direction found! Next step size is 1000

--- [Iteration 5/40] ---
Checking north...
Checking northeast...
Checking east...
Checking southeast...
Checking south...
Checking southwest...
Checking west...
Checking northwest...
Found a next Minimum! {'costs': 15.736907325102889, 'size_small': 16000, 'size_large': 45000, 'positions_small': {Tower(lat=None, lon=None, x=596000, y=7109000, radius=16000), Tower(lat=None, lon=None, x=536000, y=7471000, radius=16000), Tower(lat=None, lon=None, x=492000, y=7041000, radius=16000), Tower(lat=None, lon=None, x=726000, y=7169000, radius=16000), Tower(lat=None, lon=None, x=622000, y=6969000, radius=16000), Tower(lat=None, lon=None, x=760000, y=7337000, radius=16000), Tower(lat=None, lon=None, x=624000, y=7495000, radius=16000), Tower(lat=None, lon=None, x=374000, y=7035000, radius=16000)}, 'positions_large': {Tower(lat=None, lon=None, x=590000, y=7181000, radius=45000), Tower(lat=None, lon=None, x=480000, y=7199000, radius=45000), Tower(lat=None, lon=None, x=600000, y=7273000, radius=45000), Tower(lat=None, lon=None, x=478000, y=7377000, radius=45000)}}

--- [Iteration 6/40] ---
Checking north...
Checking northeast...
Checking east...
Checking southeast...
Checking south...
Checking southwest...
Checking west...
Checking northwest...
No better direction found! Next step size is 500

--- [Iteration 7/40] ---
Checking north...
Checking northeast...
Checking east...
Checking southeast...
Checking south...
Checking southwest...
Checking west...
Checking northwest...
Found a next Minimum! {'costs': 15.626256155202823, 'size_small': 16000, 'size_large': 44500, 'positions_small': {Tower(lat=None, lon=None, x=758000, y=7333000, radius=16000), Tower(lat=None, lon=None, x=492000, y=7041000, radius=16000), Tower(lat=None, lon=None, x=598000, y=6969000, radius=16000), Tower(lat=None, lon=None, x=366000, y=7017000, radius=16000), Tower(lat=None, lon=None, x=730000, y=7165000, radius=16000), Tower(lat=None, lon=None, x=532000, y=7457000, radius=16000), Tower(lat=None, lon=None, x=596000, y=7119000, radius=16000), Tower(lat=None, lon=None, x=628000, y=7491000, radius=16000)}, 'positions_large': {Tower(lat=None, lon=None, x=480000, y=7201000, radius=44500), Tower(lat=None, lon=None, x=590000, y=7181000, radius=44500), Tower(lat=None, lon=None, x=482000, y=7377000, radius=44500), Tower(lat=None, lon=None, x=600000, y=7263000, radius=44500)}}

--- [Iteration 8/40] ---
Checking north...
Checking northeast...
Checking east...
Checking southeast...
Checking south...
Checking southwest...
Checking west...
Checking northwest...
No better direction found! Next step size is 250

--- [Iteration 9/40] ---
Checking north...
Checking northeast...
Checking east...
Checking southeast...
Checking south...
Checking southwest...
Checking west...
Checking northwest...
Found a next Minimum! {'costs': 15.571945870076432, 'size_small': 16000, 'size_large': 44250, 'positions_small': {Tower(lat=None, lon=None, x=758000, y=7333000, radius=16000), Tower(lat=None, lon=None, x=594000, y=7115000, radius=16000), Tower(lat=None, lon=None, x=492000, y=7041000, radius=16000), Tower(lat=None, lon=None, x=532000, y=7459000, radius=16000), Tower(lat=None, lon=None, x=380000, y=7037000, radius=16000), Tower(lat=None, lon=None, x=608000, y=6981000, radius=16000), Tower(lat=None, lon=None, x=626000, y=7515000, radius=16000), Tower(lat=None, lon=None, x=734000, y=7161000, radius=16000)}, 'positions_large': {Tower(lat=None, lon=None, x=594000, y=7173000, radius=44250), Tower(lat=None, lon=None, x=598000, y=7263000, radius=44250), Tower(lat=None, lon=None, x=480000, y=7377000, radius=44250), Tower(lat=None, lon=None, x=472000, y=7199000, radius=44250)}}

--- [Iteration 10/40] ---
Checking north...
Checking northeast...
Checking east...
Checking southeast...
Checking south...
Checking southwest...
Checking west...
Checking northwest...
No better direction found! Next step size is 125

--- [Iteration 11/40] ---
Checking north...
Checking northeast...
Checking east...
Checking southeast...
Checking south...
Checking southwest...
Checking west...
Checking northwest...
Found a next Minimum! {'costs': 15.560058964579666, 'size_small': 15875, 'size_large': 44250, 'positions_small': {Tower(lat=None, lon=None, x=380000, y=7031000, radius=15875), Tower(lat=None, lon=None, x=492000, y=7041000, radius=15875), Tower(lat=None, lon=None, x=598000, y=6969000, radius=15875), Tower(lat=None, lon=None, x=600000, y=7125000, radius=15875), Tower(lat=None, lon=None, x=742000, y=7165000, radius=15875), Tower(lat=None, lon=None, x=532000, y=7459000, radius=15875), Tower(lat=None, lon=None, x=618000, y=7499000, radius=15875), Tower(lat=None, lon=None, x=760000, y=7331000, radius=15875)}, 'positions_large': {Tower(lat=None, lon=None, x=480000, y=7377000, radius=44250), Tower(lat=None, lon=None, x=600000, y=7271000, radius=44250), Tower(lat=None, lon=None, x=470000, y=7211000, radius=44250), Tower(lat=None, lon=None, x=594000, y=7169000, radius=44250)}}

--- [Iteration 12/40] ---
Checking north...
Checking northeast...
Checking east...
Checking southeast...
Checking south...
Checking southwest...
Checking west...
Checking northwest...
No better direction found! Next step size is 62

--- [Iteration 13/40] ---
Checking north...
Checking northeast...
Checking east...
Checking southeast...
Checking south...
Checking southwest...
Checking west...
Checking northwest...
Found a next Minimum! {'costs': 15.540913338372597, 'size_small': 15813, 'size_large': 44188, 'positions_small': {Tower(lat=None, lon=None, x=606000, y=6971000, radius=15813), Tower(lat=None, lon=None, x=758000, y=7335000, radius=15813), Tower(lat=None, lon=None, x=602000, y=7111000, radius=15813), Tower(lat=None, lon=None, x=618000, y=7497000, radius=15813), Tower(lat=None, lon=None, x=492000, y=7041000, radius=15813), Tower(lat=None, lon=None, x=532000, y=7459000, radius=15813), Tower(lat=None, lon=None, x=356000, y=7025000, radius=15813), Tower(lat=None, lon=None, x=726000, y=7173000, radius=15813)}, 'positions_large': {Tower(lat=None, lon=None, x=600000, y=7265000, radius=44188), Tower(lat=None, lon=None, x=592000, y=7177000, radius=44188), Tower(lat=None, lon=None, x=482000, y=7377000, radius=44188), Tower(lat=None, lon=None, x=478000, y=7195000, radius=44188)}}

--- [Iteration 14/40] ---
Checking north...
Checking northeast...
Checking east...
Checking southeast...
Checking south...
Checking southwest...
Checking west...
Checking northwest...
No better direction found! Next step size is 31

--- [Iteration 15/40] ---
Checking north...
Checking northeast...
Checking east...
Checking southeast...
Checking south...
Checking southwest...
Checking west...
Checking northwest...
Found a next Minimum! {'costs': 15.531384544861499, 'size_small': 15782, 'size_large': 44157, 'positions_small': {Tower(lat=None, lon=None, x=492000, y=7041000, radius=15782), Tower(lat=None, lon=None, x=386000, y=7031000, radius=15782), Tower(lat=None, lon=None, x=634000, y=7489000, radius=15782), Tower(lat=None, lon=None, x=594000, y=7119000, radius=15782), Tower(lat=None, lon=None, x=616000, y=6987000, radius=15782), Tower(lat=None, lon=None, x=728000, y=7175000, radius=15782), Tower(lat=None, lon=None, x=758000, y=7335000, radius=15782), Tower(lat=None, lon=None, x=560000, y=7465000, radius=15782)}, 'positions_large': {Tower(lat=None, lon=None, x=588000, y=7183000, radius=44157), Tower(lat=None, lon=None, x=470000, y=7209000, radius=44157), Tower(lat=None, lon=None, x=482000, y=7377000, radius=44157), Tower(lat=None, lon=None, x=600000, y=7269000, radius=44157)}}

--- [Iteration 16/40] ---
Checking north...
Checking northeast...
Checking east...
Checking southeast...
Checking south...
Checking southwest...
Checking west...
Checking northwest...
No better direction found! Next step size is 16

--- [Iteration 17/40] ---
Checking north...
Checking northeast...
Checking east...
Checking southeast...
Checking south...
Checking southwest...
Checking west...
Checking northwest...
Found a next Minimum! {'costs': 15.529916187164677, 'size_small': 15766, 'size_large': 44157, 'positions_small': {Tower(lat=None, lon=None, x=492000, y=7041000, radius=15766), Tower(lat=None, lon=None, x=372000, y=7019000, radius=15766), Tower(lat=None, lon=None, x=532000, y=7459000, radius=15766), Tower(lat=None, lon=None, x=600000, y=7119000, radius=15766), Tower(lat=None, lon=None, x=626000, y=6971000, radius=15766), Tower(lat=None, lon=None, x=726000, y=7181000, radius=15766), Tower(lat=None, lon=None, x=758000, y=7335000, radius=15766), Tower(lat=None, lon=None, x=630000, y=7503000, radius=15766)}, 'positions_large': {Tower(lat=None, lon=None, x=472000, y=7197000, radius=44157), Tower(lat=None, lon=None, x=596000, y=7271000, radius=44157), Tower(lat=None, lon=None, x=588000, y=7183000, radius=44157), Tower(lat=None, lon=None, x=482000, y=7377000, radius=44157)}}

--- [Iteration 18/40] ---
Checking north...
Checking northeast...
Checking east...
Checking southeast...
Checking south...
Checking southwest...
Checking west...
Checking northwest...
No better direction found! Next step size is 8

--- [Iteration 19/40] ---
Checking north...
Checking northeast...
Checking east...
Checking southeast...
Checking south...
Checking southwest...
Checking west...
Checking northwest...
No better direction found! Next step size is 4

--- [Iteration 20/40] ---
Checking north...
Checking northeast...
Checking east...
Checking southeast...
Checking south...
Checking southwest...
Checking west...
Checking northwest...
Found a next Minimum! {'costs': 15.529056368978395, 'size_small': 15766, 'size_large': 44153, 'positions_small': {Tower(lat=None, lon=None, x=598000, y=6971000, radius=15766), Tower(lat=None, lon=None, x=492000, y=7041000, radius=15766), Tower(lat=None, lon=None, x=600000, y=7125000, radius=15766), Tower(lat=None, lon=None, x=728000, y=7173000, radius=15766), Tower(lat=None, lon=None, x=532000, y=7459000, radius=15766), Tower(lat=None, lon=None, x=758000, y=7337000, radius=15766), Tower(lat=None, lon=None, x=632000, y=7495000, radius=15766), Tower(lat=None, lon=None, x=386000, y=7031000, radius=15766)}, 'positions_large': {Tower(lat=None, lon=None, x=592000, y=7175000, radius=44153), Tower(lat=None, lon=None, x=476000, y=7199000, radius=44153), Tower(lat=None, lon=None, x=600000, y=7271000, radius=44153), Tower(lat=None, lon=None, x=482000, y=7377000, radius=44153)}}

--- [Iteration 21/40] ---
Checking north...
Checking northeast...
Checking east...
Checking southeast...
Checking south...
Checking southwest...
Checking west...
Checking northwest...
No better direction found! Next step size is 2

--- [Iteration 22/40] ---
Checking north...
Checking northeast...
Checking east...
Checking southeast...
Checking south...
Checking southwest...
Checking west...
Checking northwest...
Found a next Minimum! {'costs': 15.528626521195044, 'size_small': 15766, 'size_large': 44151, 'positions_small': {Tower(lat=None, lon=None, x=598000, y=6971000, radius=15766), Tower(lat=None, lon=None, x=492000, y=7041000, radius=15766), Tower(lat=None, lon=None, x=730000, y=7165000, radius=15766), Tower(lat=None, lon=None, x=602000, y=7115000, radius=15766), Tower(lat=None, lon=None, x=758000, y=7337000, radius=15766), Tower(lat=None, lon=None, x=562000, y=7463000, radius=15766), Tower(lat=None, lon=None, x=362000, y=7023000, radius=15766), Tower(lat=None, lon=None, x=618000, y=7497000, radius=15766)}, 'positions_large': {Tower(lat=None, lon=None, x=472000, y=7199000, radius=44151), Tower(lat=None, lon=None, x=592000, y=7173000, radius=44151), Tower(lat=None, lon=None, x=482000, y=7377000, radius=44151), Tower(lat=None, lon=None, x=598000, y=7271000, radius=44151)}}

--- [Iteration 23/40] ---
Checking north...
Checking northeast...
Checking east...
Checking southeast...
Checking south...
Checking southwest...
Checking west...
Checking northwest...
No better direction found! Next step size is 1
---------------
LOCAL MINIMUM FOUND AT (15766, 44151) WITH COSTS 15.53 GE

---------------
STARTING POINT (20000, 60000)

--- [Iteration 1/40] ---
Checking north...
Checking northeast...
Checking east...
Checking southeast...
Checking south...
Checking southwest...
Checking west...
Checking northwest...
Found a next Minimum! {'costs': 17.512659753086417, 'size_small': 18000, 'size_large': 58000, 'positions_small': {Tower(lat=None, lon=None, x=596000, y=6969000, radius=18000), Tower(lat=None, lon=None, x=642000, y=7495000, radius=18000), Tower(lat=None, lon=None, x=728000, y=7173000, radius=18000), Tower(lat=None, lon=None, x=756000, y=7335000, radius=18000), Tower(lat=None, lon=None, x=512000, y=7413000, radius=18000), Tower(lat=None, lon=None, x=552000, y=7453000, radius=18000), Tower(lat=None, lon=None, x=354000, y=7023000, radius=18000), Tower(lat=None, lon=None, x=502000, y=7195000, radius=18000), Tower(lat=None, lon=None, x=486000, y=7039000, radius=18000), Tower(lat=None, lon=None, x=460000, y=7181000, radius=18000), Tower(lat=None, lon=None, x=438000, y=7407000, radius=18000), Tower(lat=None, lon=None, x=606000, y=7107000, radius=18000), Tower(lat=None, lon=None, x=448000, y=7207000, radius=18000), Tower(lat=None, lon=None, x=560000, y=7169000, radius=18000), Tower(lat=None, lon=None, x=478000, y=7331000, radius=18000)}, 'positions_large': {Tower(lat=None, lon=None, x=606000, y=7245000, radius=58000)}}

--- [Iteration 2/40] ---
Checking north...
Checking northeast...
Checking east...
Checking southeast...
Checking south...
Checking southwest...
Checking west...
Checking northwest...
No better direction found! Next step size is 1000

--- [Iteration 3/40] ---
Checking north...
Checking northeast...
Checking east...
Checking southeast...
Checking south...
Checking southwest...
Checking west...
Checking northwest...
Found a next Minimum! {'costs': 17.38075619047619, 'size_small': 17000, 'size_large': 59000, 'positions_small': {Tower(lat=None, lon=None, x=596000, y=6971000, radius=17000), Tower(lat=None, lon=None, x=444000, y=7209000, radius=17000), Tower(lat=None, lon=None, x=556000, y=7273000, radius=17000), Tower(lat=None, lon=None, x=500000, y=7201000, radius=17000), Tower(lat=None, lon=None, x=492000, y=7041000, radius=17000), Tower(lat=None, lon=None, x=356000, y=7021000, radius=17000), Tower(lat=None, lon=None, x=444000, y=7423000, radius=17000), Tower(lat=None, lon=None, x=758000, y=7337000, radius=17000), Tower(lat=None, lon=None, x=476000, y=7329000, radius=17000), Tower(lat=None, lon=None, x=458000, y=7183000, radius=17000), Tower(lat=None, lon=None, x=554000, y=7447000, radius=17000), Tower(lat=None, lon=None, x=480000, y=7413000, radius=17000), Tower(lat=None, lon=None, x=728000, y=7175000, radius=17000), Tower(lat=None, lon=None, x=638000, y=7501000, radius=17000), Tower(lat=None, lon=None, x=616000, y=7291000, radius=17000)}, 'positions_large': {Tower(lat=None, lon=None, x=610000, y=7171000, radius=59000)}}

--- [Iteration 4/40] ---
Checking north...
Checking northeast...
Checking east...
Checking southeast...
Checking south...
Checking southwest...
Checking west...
Checking northwest...
No better direction found! Next step size is 500

--- [Iteration 5/40] ---
Checking north...
Checking northeast...
Checking east...
Checking southeast...
Checking south...
Checking southwest...
Checking west...
Checking northwest...
Found a next Minimum! {'costs': 17.32487753968254, 'size_small': 17000, 'size_large': 58500, 'positions_small': {Tower(lat=None, lon=None, x=758000, y=7333000, radius=17000), Tower(lat=None, lon=None, x=444000, y=7209000, radius=17000), Tower(lat=None, lon=None, x=452000, y=7399000, radius=17000), Tower(lat=None, lon=None, x=626000, y=7503000, radius=17000), Tower(lat=None, lon=None, x=532000, y=7459000, radius=17000), Tower(lat=None, lon=None, x=608000, y=6985000, radius=17000), Tower(lat=None, lon=None, x=614000, y=7289000, radius=17000), Tower(lat=None, lon=None, x=366000, y=7019000, radius=17000), Tower(lat=None, lon=None, x=476000, y=7329000, radius=17000), Tower(lat=None, lon=None, x=502000, y=7197000, radius=17000), Tower(lat=None, lon=None, x=490000, y=7039000, radius=17000), Tower(lat=None, lon=None, x=460000, y=7183000, radius=17000), Tower(lat=None, lon=None, x=502000, y=7407000, radius=17000), Tower(lat=None, lon=None, x=734000, y=7171000, radius=17000), Tower(lat=None, lon=None, x=544000, y=7265000, radius=17000)}, 'positions_large': {Tower(lat=None, lon=None, x=604000, y=7171000, radius=58500)}}

--- [Iteration 6/40] ---
Checking north...
Checking northeast...
Checking east...
Checking southeast...
Checking south...
Checking southwest...
Checking west...
Checking northwest...
No better direction found! Next step size is 250

--- [Iteration 7/40] ---
Checking north...
Checking northeast...
Checking east...
Checking southeast...
Checking south...
Checking southwest...
Checking west...
Checking northwest...
Found a next Minimum! {'costs': 17.29729814484127, 'size_small': 17000, 'size_large': 58250, 'positions_small': {Tower(lat=None, lon=None, x=758000, y=7333000, radius=17000), Tower(lat=None, lon=None, x=596000, y=6971000, radius=17000), Tower(lat=None, lon=None, x=444000, y=7209000, radius=17000), Tower(lat=None, lon=None, x=728000, y=7173000, radius=17000), Tower(lat=None, lon=None, x=554000, y=7453000, radius=17000), Tower(lat=None, lon=None, x=616000, y=7499000, radius=17000), Tower(lat=None, lon=None, x=476000, y=7329000, radius=17000), Tower(lat=None, lon=None, x=370000, y=7025000, radius=17000), Tower(lat=None, lon=None, x=614000, y=7289000, radius=17000), Tower(lat=None, lon=None, x=502000, y=7197000, radius=17000), Tower(lat=None, lon=None, x=480000, y=7413000, radius=17000), Tower(lat=None, lon=None, x=460000, y=7183000, radius=17000), Tower(lat=None, lon=None, x=438000, y=7411000, radius=17000), Tower(lat=None, lon=None, x=542000, y=7267000, radius=17000), Tower(lat=None, lon=None, x=494000, y=7041000, radius=17000)}, 'positions_large': {Tower(lat=None, lon=None, x=608000, y=7171000, radius=58250)}}

--- [Iteration 8/40] ---
Checking north...
Checking northeast...
Checking east...
Checking southeast...
Checking south...
Checking southwest...
Checking west...
Checking northwest...
No better direction found! Next step size is 125

--- [Iteration 9/40] ---
Checking north...
Checking northeast...
Checking east...
Checking southeast...
Checking south...
Checking southwest...
Checking west...
Checking northwest...
No better direction found! Next step size is 62

--- [Iteration 10/40] ---
Checking north...
Checking northeast...
Checking east...
Checking southeast...
Checking south...
Checking southwest...
Checking west...
Checking northwest...
No better direction found! Next step size is 31

--- [Iteration 11/40] ---
Checking north...
Checking northeast...
Checking east...
Checking southeast...
Checking south...
Checking southwest...
Checking west...
Checking northwest...
Found a next Minimum! {'costs': 17.293895126883704, 'size_small': 17000, 'size_large': 58219, 'positions_small': {Tower(lat=None, lon=None, x=622000, y=6987000, radius=17000), Tower(lat=None, lon=None, x=502000, y=7195000, radius=17000), Tower(lat=None, lon=None, x=444000, y=7209000, radius=17000), Tower(lat=None, lon=None, x=758000, y=7331000, radius=17000), Tower(lat=None, lon=None, x=730000, y=7165000, radius=17000), Tower(lat=None, lon=None, x=616000, y=7499000, radius=17000), Tower(lat=None, lon=None, x=480000, y=7415000, radius=17000), Tower(lat=None, lon=None, x=490000, y=7039000, radius=17000), Tower(lat=None, lon=None, x=438000, y=7413000, radius=17000), Tower(lat=None, lon=None, x=460000, y=7183000, radius=17000), Tower(lat=None, lon=None, x=532000, y=7463000, radius=17000), Tower(lat=None, lon=None, x=374000, y=7027000, radius=17000), Tower(lat=None, lon=None, x=644000, y=7283000, radius=17000), Tower(lat=None, lon=None, x=542000, y=7267000, radius=17000), Tower(lat=None, lon=None, x=476000, y=7331000, radius=17000)}, 'positions_large': {Tower(lat=None, lon=None, x=606000, y=7171000, radius=58219)}}

--- [Iteration 12/40] ---
Checking north...
Checking northeast...
Checking east...
Checking southeast...
Checking south...
Checking southwest...
Checking west...
Checking northwest...
No better direction found! Next step size is 16

--- [Iteration 13/40] ---
Checking north...
Checking northeast...
Checking east...
Checking southeast...
Checking south...
Checking southwest...
Checking west...
Checking northwest...
Found a next Minimum! {'costs': 17.292140186604406, 'size_small': 17000, 'size_large': 58203, 'positions_small': {Tower(lat=None, lon=None, x=596000, y=6971000, radius=17000), Tower(lat=None, lon=None, x=444000, y=7209000, radius=17000), Tower(lat=None, lon=None, x=614000, y=7291000, radius=17000), Tower(lat=None, lon=None, x=760000, y=7339000, radius=17000), Tower(lat=None, lon=None, x=476000, y=7329000, radius=17000), Tower(lat=None, lon=None, x=364000, y=7039000, radius=17000), Tower(lat=None, lon=None, x=552000, y=7447000, radius=17000), Tower(lat=None, lon=None, x=500000, y=7199000, radius=17000), Tower(lat=None, lon=None, x=458000, y=7183000, radius=17000), Tower(lat=None, lon=None, x=502000, y=7433000, radius=17000), Tower(lat=None, lon=None, x=438000, y=7413000, radius=17000), Tower(lat=None, lon=None, x=542000, y=7267000, radius=17000), Tower(lat=None, lon=None, x=496000, y=7043000, radius=17000), Tower(lat=None, lon=None, x=734000, y=7171000, radius=17000), Tower(lat=None, lon=None, x=618000, y=7513000, radius=17000)}, 'positions_large': {Tower(lat=None, lon=None, x=606000, y=7171000, radius=58203)}}

--- [Iteration 14/40] ---
Checking north...
Checking northeast...
Checking east...
Checking southeast...
Checking south...
Checking southwest...
Checking west...
Checking northwest...
No better direction found! Next step size is 8

--- [Iteration 15/40] ---
Checking north...
Checking northeast...
Checking east...
Checking southeast...
Checking south...
Checking southwest...
Checking west...
Checking northwest...
Found a next Minimum! {'costs': 17.290373051219262, 'size_small': 16992, 'size_large': 58203, 'positions_small': {Tower(lat=None, lon=None, x=438000, y=7413000, radius=16992), Tower(lat=None, lon=None, x=460000, y=7183000, radius=16992), Tower(lat=None, lon=None, x=726000, y=7183000, radius=16992), Tower(lat=None, lon=None, x=490000, y=7039000, radius=16992), Tower(lat=None, lon=None, x=500000, y=7197000, radius=16992), Tower(lat=None, lon=None, x=480000, y=7425000, radius=16992), Tower(lat=None, lon=None, x=444000, y=7209000, radius=16992), Tower(lat=None, lon=None, x=476000, y=7331000, radius=16992), Tower(lat=None, lon=None, x=642000, y=7495000, radius=16992), Tower(lat=None, lon=None, x=626000, y=6981000, radius=16992), Tower(lat=None, lon=None, x=632000, y=7295000, radius=16992), Tower(lat=None, lon=None, x=550000, y=7281000, radius=16992), Tower(lat=None, lon=None, x=758000, y=7331000, radius=16992), Tower(lat=None, lon=None, x=560000, y=7453000, radius=16992), Tower(lat=None, lon=None, x=382000, y=7029000, radius=16992)}, 'positions_large': {Tower(lat=None, lon=None, x=606000, y=7171000, radius=58203)}}

--- [Iteration 16/40] ---
Checking north...
Checking northeast...
Checking east...
Checking southeast...
Checking south...
Checking southwest...
Checking west...
Checking northwest...
No better direction found! Next step size is 4

--- [Iteration 17/40] ---
Checking north...
Checking northeast...
Checking east...
Checking southeast...
Checking south...
Checking southwest...
Checking west...
Checking northwest...
Found a next Minimum! {'costs': 17.28993447111523, 'size_small': 16992, 'size_large': 58199, 'positions_small': {Tower(lat=None, lon=None, x=476000, y=7329000, radius=16992), Tower(lat=None, lon=None, x=726000, y=7183000, radius=16992), Tower(lat=None, lon=None, x=438000, y=7411000, radius=16992), Tower(lat=None, lon=None, x=498000, y=7415000, radius=16992), Tower(lat=None, lon=None, x=490000, y=7039000, radius=16992), Tower(lat=None, lon=None, x=542000, y=7267000, radius=16992), Tower(lat=None, lon=None, x=532000, y=7463000, radius=16992), Tower(lat=None, lon=None, x=604000, y=6987000, radius=16992), Tower(lat=None, lon=None, x=458000, y=7181000, radius=16992), Tower(lat=None, lon=None, x=498000, y=7203000, radius=16992), Tower(lat=None, lon=None, x=444000, y=7209000, radius=16992), Tower(lat=None, lon=None, x=758000, y=7339000, radius=16992), Tower(lat=None, lon=None, x=624000, y=7291000, radius=16992), Tower(lat=None, lon=None, x=384000, y=7023000, radius=16992), Tower(lat=None, lon=None, x=616000, y=7501000, radius=16992)}, 'positions_large': {Tower(lat=None, lon=None, x=606000, y=7171000, radius=58199)}}

--- [Iteration 18/40] ---
Checking north...
Checking northeast...
Checking east...
Checking southeast...
Checking south...
Checking southwest...
Checking west...
Checking northwest...
No better direction found! Next step size is 2

--- [Iteration 19/40] ---
Checking north...
Checking northeast...
Checking east...
Checking southeast...
Checking south...
Checking southwest...
Checking west...
Checking northwest...
No better direction found! Next step size is 1
---------------
LOCAL MINIMUM FOUND AT (16992, 58199) WITH COSTS 17.29 GE


============================================================
               FINAL SUMMARY
------------------------------------------------------------
We have found the following local minima:
📍 Tower Sizes: (15766, 44151), costs: 15.53 GE
📍 Tower Sizes: (16992, 58199), costs: 17.29 GE
📍 Tower Sizes: (9244, 58199), costs: 20.21 GE
📍 Tower Sizes: (9244, 39666), costs: 17.95 GE
------------------------------------------------------------
The Best Minimum found so far is:
 Tower Sizes:              S=15766m, L=44151m
 Nr of small towers:      8
 Nr of large towers:      4
 Costs:                   15.53 GE
============================================================

[Runtime] 4366.5313 Sekunden
Programm finished at 2026-07-02_00-16-22